Archive member included to satisfy reference by file (symbol)

/usr/local/bin/arm-none-eabi-gcc/gcc-arm-none-eabi-5_4-2016q3/bin/../lib/gcc/arm-none-eabi/5.4.1/../../../../arm-none-eabi/lib/libg_nano.a(lib_a-errno.o)
                              ./system/src/newlib/_sbrk.o (__errno)
/usr/local/bin/arm-none-eabi-gcc/gcc-arm-none-eabi-5_4-2016q3/bin/../lib/gcc/arm-none-eabi/5.4.1/../../../../arm-none-eabi/lib/libg_nano.a(lib_a-impure.o)
                              /usr/local/bin/arm-none-eabi-gcc/gcc-arm-none-eabi-5_4-2016q3/bin/../lib/gcc/arm-none-eabi/5.4.1/../../../../arm-none-eabi/lib/libg_nano.a(lib_a-errno.o) (_impure_ptr)
/usr/local/bin/arm-none-eabi-gcc/gcc-arm-none-eabi-5_4-2016q3/bin/../lib/gcc/arm-none-eabi/5.4.1/../../../../arm-none-eabi/lib/libg_nano.a(lib_a-memcpy-stub.o)
                              ./freertos/queue.o (memcpy)
/usr/local/bin/arm-none-eabi-gcc/gcc-arm-none-eabi-5_4-2016q3/bin/../lib/gcc/arm-none-eabi/5.4.1/../../../../arm-none-eabi/lib/libg_nano.a(lib_a-memset.o)
                              ./freertos/stream_buffer.o (memset)
/usr/local/bin/arm-none-eabi-gcc/gcc-arm-none-eabi-5_4-2016q3/bin/../lib/gcc/arm-none-eabi/5.4.1/../../../../arm-none-eabi/lib/libg_nano.a(lib_a-sprintf.o)
                              ./freertos/tasks.o (sprintf)
/usr/local/bin/arm-none-eabi-gcc/gcc-arm-none-eabi-5_4-2016q3/bin/../lib/gcc/arm-none-eabi/5.4.1/../../../../arm-none-eabi/lib/libg_nano.a(lib_a-strcpy.o)
                              ./freertos/tasks.o (strcpy)
/usr/local/bin/arm-none-eabi-gcc/gcc-arm-none-eabi-5_4-2016q3/bin/../lib/gcc/arm-none-eabi/5.4.1/../../../../arm-none-eabi/lib/libg_nano.a(lib_a-strlen.o)
                              ./system/src/diag/Trace.o (strlen)
/usr/local/bin/arm-none-eabi-gcc/gcc-arm-none-eabi-5_4-2016q3/bin/../lib/gcc/arm-none-eabi/5.4.1/../../../../arm-none-eabi/lib/libg_nano.a(lib_a-vsnprintf.o)
                              ./system/src/diag/Trace.o (vsnprintf)
/usr/local/bin/arm-none-eabi-gcc/gcc-arm-none-eabi-5_4-2016q3/bin/../lib/gcc/arm-none-eabi/5.4.1/../../../../arm-none-eabi/lib/libg_nano.a(lib_a-nano-svfprintf.o)
                              /usr/local/bin/arm-none-eabi-gcc/gcc-arm-none-eabi-5_4-2016q3/bin/../lib/gcc/arm-none-eabi/5.4.1/../../../../arm-none-eabi/lib/libg_nano.a(lib_a-sprintf.o) (_svfprintf_r)
/usr/local/bin/arm-none-eabi-gcc/gcc-arm-none-eabi-5_4-2016q3/bin/../lib/gcc/arm-none-eabi/5.4.1/../../../../arm-none-eabi/lib/libg_nano.a(lib_a-nano-vfprintf_i.o)
                              /usr/local/bin/arm-none-eabi-gcc/gcc-arm-none-eabi-5_4-2016q3/bin/../lib/gcc/arm-none-eabi/5.4.1/../../../../arm-none-eabi/lib/libg_nano.a(lib_a-nano-svfprintf.o) (_printf_i)
/usr/local/bin/arm-none-eabi-gcc/gcc-arm-none-eabi-5_4-2016q3/bin/../lib/gcc/arm-none-eabi/5.4.1/../../../../arm-none-eabi/lib/libg_nano.a(lib_a-memchr-stub.o)
                              /usr/local/bin/arm-none-eabi-gcc/gcc-arm-none-eabi-5_4-2016q3/bin/../lib/gcc/arm-none-eabi/5.4.1/../../../../arm-none-eabi/lib/libg_nano.a(lib_a-nano-svfprintf.o) (memchr)
/usr/local/bin/arm-none-eabi-gcc/gcc-arm-none-eabi-5_4-2016q3/bin/../lib/gcc/arm-none-eabi/5.4.1/../../../../arm-none-eabi/lib/libg_nano.a(lib_a-memmove.o)
                              /usr/local/bin/arm-none-eabi-gcc/gcc-arm-none-eabi-5_4-2016q3/bin/../lib/gcc/arm-none-eabi/5.4.1/../../../../arm-none-eabi/lib/libg_nano.a(lib_a-nano-svfprintf.o) (memmove)
/usr/local/bin/arm-none-eabi-gcc/gcc-arm-none-eabi-5_4-2016q3/bin/../lib/gcc/arm-none-eabi/5.4.1/../../../../arm-none-eabi/lib/libg_nano.a(lib_a-nano-freer.o)
                              /usr/local/bin/arm-none-eabi-gcc/gcc-arm-none-eabi-5_4-2016q3/bin/../lib/gcc/arm-none-eabi/5.4.1/../../../../arm-none-eabi/lib/libg_nano.a(lib_a-nano-svfprintf.o) (_free_r)
/usr/local/bin/arm-none-eabi-gcc/gcc-arm-none-eabi-5_4-2016q3/bin/../lib/gcc/arm-none-eabi/5.4.1/../../../../arm-none-eabi/lib/libg_nano.a(lib_a-nano-mallocr.o)
                              /usr/local/bin/arm-none-eabi-gcc/gcc-arm-none-eabi-5_4-2016q3/bin/../lib/gcc/arm-none-eabi/5.4.1/../../../../arm-none-eabi/lib/libg_nano.a(lib_a-nano-svfprintf.o) (_malloc_r)
/usr/local/bin/arm-none-eabi-gcc/gcc-arm-none-eabi-5_4-2016q3/bin/../lib/gcc/arm-none-eabi/5.4.1/../../../../arm-none-eabi/lib/libg_nano.a(lib_a-nano-reallocr.o)
                              /usr/local/bin/arm-none-eabi-gcc/gcc-arm-none-eabi-5_4-2016q3/bin/../lib/gcc/arm-none-eabi/5.4.1/../../../../arm-none-eabi/lib/libg_nano.a(lib_a-nano-svfprintf.o) (_realloc_r)
/usr/local/bin/arm-none-eabi-gcc/gcc-arm-none-eabi-5_4-2016q3/bin/../lib/gcc/arm-none-eabi/5.4.1/../../../../arm-none-eabi/lib/libg_nano.a(lib_a-sbrkr.o)
                              /usr/local/bin/arm-none-eabi-gcc/gcc-arm-none-eabi-5_4-2016q3/bin/../lib/gcc/arm-none-eabi/5.4.1/../../../../arm-none-eabi/lib/libg_nano.a(lib_a-nano-mallocr.o) (_sbrk_r)
[...]
Memory Configuration

Name             Origin             Length             Attributes
RAM              0x20000000         0x00080000         xrw
CCMRAM           0x10000000         0x00000000         xrw
FLASH            0x08000000         0x00100000         xr
FLASHB1          0x00000000         0x00000000         xr
EXTMEMB0         0x00000000         0x00000000         xr
EXTMEMB1         0x00000000         0x00000000         xr
EXTMEMB2         0x00000000         0x00000000         xr
EXTMEMB3         0x00000000         0x00000000         xr
*default*        0x00000000         0xffffffff

Linker script and memory map

LOAD ./system/src/stm32f7-hal/stm32f7xx_hal.o
LOAD ./system/src/stm32f7-hal/stm32f7xx_hal_cortex.o
LOAD ./system/src/stm32f7-hal/stm32f7xx_hal_crc_ex.o
LOAD ./system/src/stm32f7-hal/stm32f7xx_hal_dfsdm.o
LOAD ./system/src/stm32f7-hal/stm32f7xx_hal_flash.o
LOAD ./system/src/stm32f7-hal/stm32f7xx_hal_gpio.o
LOAD ./system/src/stm32f7-hal/stm32f7xx_hal_iwdg.o
LOAD ./system/src/stm32f7-hal/stm32f7xx_hal_jpeg.o
LOAD ./system/src/stm32f7-hal/stm32f7xx_hal_mdios.o
LOAD ./system/src/stm32f7-hal/stm32f7xx_hal_pwr.o
LOAD ./system/src/stm32f7-hal/stm32f7xx_hal_pwr_ex.o
LOAD ./system/src/stm32f7-hal/stm32f7xx_hal_rcc.o
LOAD ./system/src/stm32f7-hal/stm32f7xx_hal_rcc_ex.o
LOAD ./system/src/stm32f7-hal/stm32f7xx_hal_smartcard_ex.o
LOAD ./system/src/newlib/_cxx.o
LOAD ./system/src/newlib/_exit.o
LOAD ./system/src/newlib/_sbrk.o
LOAD ./system/src/newlib/_startup.o
LOAD ./system/src/newlib/_syscalls.o
LOAD ./system/src/newlib/assert.o
LOAD ./system/src/diag/Trace.o
LOAD ./system/src/diag/trace_impl.o
LOAD ./system/src/cortexm/_initialize_hardware.o
LOAD ./system/src/cortexm/_reset_hardware.o
LOAD ./system/src/cortexm/exception_handlers.o
LOAD ./system/src/cmsis/system_stm32f7xx.o
LOAD ./system/src/cmsis/vectors_stm32f767xx.o
LOAD ./src/_initialize_hardware.o
LOAD ./src/_write.o
LOAD ./src/main.o
LOAD ./src/main_blinky.o
LOAD ./src/stm32f7xx_hal_msp.o
LOAD ./freertos/portable/MemMang/heap_4.o
LOAD ./freertos/portable/GCC/ARM_CM7/r0p1/port.o
LOAD ./freertos/portable/Common/mpu_wrappers.o
LOAD ./freertos/croutine.o
LOAD ./freertos/event_groups.o
LOAD ./freertos/list.o
LOAD ./freertos/queue.o
LOAD ./freertos/stream_buffer.o
LOAD ./freertos/tasks.o
LOAD ./freertos/timers.o
LOAD /usr/local/bin/arm-none-eabi-gcc/gcc-arm-none-eabi-5_4-2016q3/bin/../lib/gcc/arm-none-eabi/5.4.1/../../../../arm-none-eabi/lib/libstdc++_nano.a
LOAD /usr/local/bin/arm-none-eabi-gcc/gcc-arm-none-eabi-5_4-2016q3/bin/../lib/gcc/arm-none-eabi/5.4.1/../../../../arm-none-eabi/lib/libm.a
START GROUP
LOAD /usr/local/bin/arm-none-eabi-gcc/gcc-arm-none-eabi-5_4-2016q3/bin/../lib/gcc/arm-none-eabi/5.4.1/libgcc.a
LOAD /usr/local/bin/arm-none-eabi-gcc/gcc-arm-none-eabi-5_4-2016q3/bin/../lib/gcc/arm-none-eabi/5.4.1/../../../../arm-none-eabi/lib/libg_nano.a
LOAD /usr/local/bin/arm-none-eabi-gcc/gcc-arm-none-eabi-5_4-2016q3/bin/../lib/gcc/arm-none-eabi/5.4.1/../../../../arm-none-eabi/lib/libc_nano.a
END GROUP
START GROUP
LOAD /usr/local/bin/arm-none-eabi-gcc/gcc-arm-none-eabi-5_4-2016q3/bin/../lib/gcc/arm-none-eabi/5.4.1/libgcc.a
LOAD /usr/local/bin/arm-none-eabi-gcc/gcc-arm-none-eabi-5_4-2016q3/bin/../lib/gcc/arm-none-eabi/5.4.1/../../../../arm-none-eabi/lib/libc_nano.a
END GROUP
                0x20080000                __stack = (ORIGIN (RAM) + LENGTH (RAM))
                0x20080000                _estack = __stack
                0x00000400                __Main_Stack_Size = 0x400
                [!provide]                PROVIDE (_Main_Stack_Size, __Main_Stack_Size)
                0x2007fc00                __Main_Stack_Limit = (__stack - __Main_Stack_Size)
                [!provide]                PROVIDE (_Main_Stack_Limit, __Main_Stack_Limit)
                0x00000100                _Minimum_Stack_Size = 0x100
                0x2000bac0                PROVIDE (_Heap_Begin, _end_noinit)
                0x2007fc00                PROVIDE (_Heap_Limit, (__stack - __Main_Stack_Size))

.isr_vector     0x08000000      0x45c
 FILL mask 0xff
                0x08000000                __vectors_start = ABSOLUTE (.)
                0x08000000                __vectors_start__ = ABSOLUTE (.)
 *(.isr_vector)
 .isr_vector    0x08000000      0x1f8 ./system/src/cmsis/vectors_stm32f767xx.o
                0x08000000                __isr_vectors
 *(.cfmconfig)
 *(.after_vectors .after_vectors.*)
 .after_vectors
                0x080001f8      0x130 ./system/src/newlib/_startup.o
                0x080001f8                _start
 .after_vectors
                0x08000328      0x130 ./system/src/cortexm/exception_handlers.o
                0x08000328                Reset_Handler
                0x08000330                NMI_Handler
                0x08000334                HardFault_Handler
                0x08000348                HardFault_Handler_C
                0x080003a8                MemManage_Handler
                0x080003ac                BusFault_Handler
                0x080003c0                BusFault_Handler_C
                0x080003f4                UsageFault_Handler
                0x08000408                UsageFault_Handler_C
                0x08000440                DebugMon_Handler
 .after_vectors
                0x08000458        0x4 ./system/src/cmsis/vectors_stm32f767xx.o
                0x08000458                RTC_Alarm_IRQHandler
                0x08000458                EXTI2_IRQHandler
                0x08000458                TIM8_CC_IRQHandler
                0x08000458                UART8_IRQHandler
                0x08000458                SPI4_IRQHandler
                0x08000458                TIM1_CC_IRQHandler
                0x08000458                DMA2_Stream5_IRQHandler
                0x08000458                JPEG_IRQHandler
                0x08000458                DMA1_Stream5_IRQHandler
                0x08000458                CAN3_RX1_IRQHandler
                0x08000458                PVD_IRQHandler
                0x08000458                TAMP_STAMP_IRQHandler
                0x08000458                CAN2_RX1_IRQHandler
                0x08000458                EXTI3_IRQHandler
                0x08000458                TIM8_TRG_COM_TIM14_IRQHandler
                0x08000458                DFSDM1_FLT1_IRQHandler
                0x08000458                TIM1_UP_TIM10_IRQHandler
                0x08000458                TIM8_UP_TIM13_IRQHandler
                0x08000458                I2C3_ER_IRQHandler
                0x08000458                DFSDM1_FLT2_IRQHandler
                0x08000458                EXTI0_IRQHandler
                0x08000458                I2C2_EV_IRQHandler
                0x08000458                DMA1_Stream2_IRQHandler
                0x08000458                CAN1_RX0_IRQHandler
                0x08000458                FPU_IRQHandler
                0x08000458                OTG_HS_WKUP_IRQHandler
                0x08000458                CAN3_SCE_IRQHandler
                0x08000458                LTDC_ER_IRQHandler
                0x08000458                CAN2_SCE_IRQHandler
                0x08000458                DMA2_Stream2_IRQHandler
                0x08000458                SPI1_IRQHandler
                0x08000458                TIM6_DAC_IRQHandler
                0x08000458                TIM1_BRK_TIM9_IRQHandler
                0x08000458                DCMI_IRQHandler
                0x08000458                CAN2_RX0_IRQHandler
                0x08000458                DMA2_Stream3_IRQHandler
                0x08000458                SAI2_IRQHandler
                0x08000458                DFSDM1_FLT3_IRQHandler
                0x08000458                USART6_IRQHandler
                0x08000458                CAN3_RX0_IRQHandler
                0x08000458                USART3_IRQHandler
                0x08000458                CAN1_RX1_IRQHandler
                0x08000458                UART5_IRQHandler
                0x08000458                DMA2_Stream0_IRQHandler
                0x08000458                TIM4_IRQHandler
                0x08000458                QUADSPI_IRQHandler
                0x08000458                I2C1_EV_IRQHandler
                0x08000458                DMA1_Stream6_IRQHandler
                0x08000458                DMA1_Stream1_IRQHandler
                0x08000458                UART4_IRQHandler
                0x08000458                TIM3_IRQHandler
                0x08000458                RCC_IRQHandler
                0x08000458                TIM8_BRK_TIM12_IRQHandler
                0x08000458                Default_Handler
                0x08000458                CEC_IRQHandler
                0x08000458                EXTI15_10_IRQHandler
                0x08000458                ADC_IRQHandler
                0x08000458                DMA1_Stream7_IRQHandler
                0x08000458                SPI5_IRQHandler
                0x08000458                TIM7_IRQHandler
                0x08000458                SDMMC1_IRQHandler
                0x08000458                CAN2_TX_IRQHandler
                0x08000458                TIM5_IRQHandler
                0x08000458                DMA2_Stream7_IRQHandler
                0x08000458                I2C3_EV_IRQHandler
                0x08000458                EXTI9_5_IRQHandler
                0x08000458                RTC_WKUP_IRQHandler
                0x08000458                LTDC_IRQHandler
                0x08000458                ETH_WKUP_IRQHandler
                0x08000458                SPDIF_RX_IRQHandler
                0x08000458                SPI2_IRQHandler
                0x08000458                OTG_HS_EP1_IN_IRQHandler
                0x08000458                DMA1_Stream0_IRQHandler
                0x08000458                CAN1_TX_IRQHandler
                0x08000458                EXTI4_IRQHandler
                0x08000458                RNG_IRQHandler
                0x08000458                ETH_IRQHandler
                0x08000458                OTG_HS_EP1_OUT_IRQHandler
                0x08000458                WWDG_IRQHandler
                0x08000458                SPI6_IRQHandler
                0x08000458                I2C4_EV_IRQHandler
                0x08000458                MDIOS_IRQHandler
                0x08000458                CAN3_TX_IRQHandler
                0x08000458                TIM2_IRQHandler
                0x08000458                OTG_FS_WKUP_IRQHandler
                0x08000458                TIM1_TRG_COM_TIM11_IRQHandler
                0x08000458                OTG_HS_IRQHandler
                0x08000458                DMA2D_IRQHandler
                0x08000458                EXTI1_IRQHandler
                0x08000458                SDMMC2_IRQHandler
                0x08000458                UART7_IRQHandler
                0x08000458                USART2_IRQHandler
                0x08000458                DFSDM1_FLT0_IRQHandler
                0x08000458                I2C2_ER_IRQHandler
                0x08000458                DMA2_Stream1_IRQHandler
                0x08000458                CAN1_SCE_IRQHandler
                0x08000458                FLASH_IRQHandler
                0x08000458                DMA2_Stream4_IRQHandler
                0x08000458                USART1_IRQHandler
                0x08000458                OTG_FS_IRQHandler
                0x08000458                SPI3_IRQHandler
                0x08000458                DMA1_Stream4_IRQHandler
                0x08000458                I2C1_ER_IRQHandler
                0x08000458                FMC_IRQHandler
                0x08000458                LPTIM1_IRQHandler
                0x08000458                I2C4_ER_IRQHandler
                0x08000458                DMA2_Stream6_IRQHandler
                0x08000458                SAI1_IRQHandler
                0x08000458                DMA1_Stream3_IRQHandler

.inits          0x0800045c       0x28
                0x0800045c                __data_regions_array_start = .
                0x0800045c        0x4 LONG 0x800470c LOADADDR (.data)
                0x08000460        0x4 LONG 0x20000000 ADDR (.data)
                0x08000464        0x4 LONG 0x2000007c (ADDR (.data) + SIZEOF (.data))
                0x08000468        0x4 LONG 0x800470c LOADADDR (.data_CCMRAM)
                0x0800046c        0x4 LONG 0x10000000 ADDR (.data_CCMRAM)
                0x08000470        0x4 LONG 0x10000000 (ADDR (.data_CCMRAM) + SIZEOF (.data_CCMRAM))
                0x08000474                __data_regions_array_end = .
                0x08000474                __bss_regions_array_start = .
                0x08000474        0x4 LONG 0x2000007c ADDR (.bss)
                0x08000478        0x4 LONG 0x2000bac0 (ADDR (.bss) + SIZEOF (.bss))
                0x0800047c        0x4 LONG 0x10000000 ADDR (.bss_CCMRAM)
                0x08000480        0x4 LONG 0x10000000 (ADDR (.bss_CCMRAM) + SIZEOF (.bss_CCMRAM))
                0x08000484                __bss_regions_array_end = .
 *(.init)
 *(.fini)
                0x08000484                . = ALIGN (0x4)
                0x08000484                PROVIDE (__preinit_array_start, .)
 *(.preinit_array_sysinit .preinit_array_sysinit.*)
 *(.preinit_array_platform .preinit_array_platform.*)
 *(.preinit_array .preinit_array.*)
                0x08000484                PROVIDE (__preinit_array_end, .)
                0x08000484                . = ALIGN (0x4)
                0x08000484                PROVIDE (__init_array_start, .)
 *(SORT(.init_array.*))
 *(.init_array)
                0x08000484                PROVIDE (__init_array_end, .)
                0x08000484                . = ALIGN (0x4)
                0x08000484                PROVIDE (__fini_array_start, .)
 *(SORT(.fini_array.*))
 *(.fini_array)
                0x08000484                PROVIDE (__fini_array_end, .)

.flashtext
 *(.flashtext .flashtext.*)

.text           0x08000490     0x427b
 *(.text .text.*)
 .text.HAL_InitTick
                0x08000490       0x2c ./system/src/stm32f7-hal/stm32f7xx_hal.o
                0x08000490                HAL_InitTick
 .text.HAL_Init
                0x080004bc       0x24 ./system/src/stm32f7-hal/stm32f7xx_hal.o
                0x080004bc                HAL_Init
 .text.HAL_GetTick
                0x080004e0        0xc ./system/src/stm32f7-hal/stm32f7xx_hal.o
                0x080004e0                HAL_GetTick
 .text.HAL_NVIC_SetPriorityGrouping
                0x080004ec       0x3c ./system/src/stm32f7-hal/stm32f7xx_hal_cortex.o
                0x080004ec                HAL_NVIC_SetPriorityGrouping
 .text.HAL_NVIC_SetPriority
                0x08000528       0x80 ./system/src/stm32f7-hal/stm32f7xx_hal_cortex.o
                0x08000528                HAL_NVIC_SetPriority
 .text.HAL_SYSTICK_Config
                0x080005a8       0x2c ./system/src/stm32f7-hal/stm32f7xx_hal_cortex.o
                0x080005a8                HAL_SYSTICK_Config
 .text.HAL_SYSTICK_CLKSourceConfig
                0x080005d4       0x3c ./system/src/stm32f7-hal/stm32f7xx_hal_cortex.o
                0x080005d4                HAL_SYSTICK_CLKSourceConfig
 .text.HAL_GPIO_Init
                0x08000610      0x300 ./system/src/stm32f7-hal/stm32f7xx_hal_gpio.o
                0x08000610                HAL_GPIO_Init
 .text.HAL_GPIO_TogglePin
                0x08000910       0x20 ./system/src/stm32f7-hal/stm32f7xx_hal_gpio.o
                0x08000910                HAL_GPIO_TogglePin
 .text.HAL_PWREx_EnableOverDrive
                0x08000930       0x80 ./system/src/stm32f7-hal/stm32f7xx_hal_pwr_ex.o
                0x08000930                HAL_PWREx_EnableOverDrive
 .text.HAL_RCC_MCOConfig
                0x080009b0      0x120 ./system/src/stm32f7-hal/stm32f7xx_hal_rcc.o
                0x080009b0                HAL_RCC_MCOConfig
 .text.HAL_RCC_GetSysClockFreq
                0x08000ad0       0xa4 ./system/src/stm32f7-hal/stm32f7xx_hal_rcc.o
                0x08000ad0                HAL_RCC_GetSysClockFreq
 .text.HAL_RCC_ClockConfig
                0x08000b74      0x24c ./system/src/stm32f7-hal/stm32f7xx_hal_rcc.o
                0x08000b74                HAL_RCC_ClockConfig
 .text.HAL_RCC_GetHCLKFreq
                0x08000dc0        0xc ./system/src/stm32f7-hal/stm32f7xx_hal_rcc.o
                0x08000dc0                HAL_RCC_GetHCLKFreq
 .text.HAL_RCC_OscConfig
                0x08000dcc      0x51c ./system/src/stm32f7-hal/stm32f7xx_hal_rcc_ex.o
                0x08000dcc                HAL_RCC_OscConfig
 .text._exit    0x080012e8        0x4 ./system/src/newlib/_exit.o
                0x080012e8                _exit
 .text.abort    0x080012ec       0x14 ./system/src/newlib/_exit.o
                0x080012ec                abort
 .text._sbrk    0x08001300       0x44 ./system/src/newlib/_sbrk.o
                0x08001300                _sbrk
 .text.__initialize_args
                0x08001344       0x10 ./system/src/newlib/_syscalls.o
                0x08001344                __initialize_args
 .text.assert_failed
                0x08001354       0x14 ./system/src/newlib/assert.o
                0x08001354                assert_failed
 .text.trace_printf
                0x08001368       0x30 ./system/src/diag/Trace.o
                0x08001368                trace_printf
 .text.trace_puts
                0x08001398       0x20 ./system/src/diag/Trace.o
                0x08001398                trace_puts
 .text._trace_write_semihosting_debug
                0x080013b8       0x64 ./system/src/diag/trace_impl.o
 .text.trace_write
                0x0800141c        0x8 ./system/src/diag/trace_impl.o
                0x0800141c                trace_write
 .text.__initialize_hardware_early
                0x08001424       0x24 ./system/src/cortexm/_initialize_hardware.o
                0x08001424                __initialize_hardware_early
 .text.dumpExceptionStack
                0x08001448       0xf0 ./system/src/cortexm/exception_handlers.o
                0x08001448                dumpExceptionStack
 .text.isSemihosting
                0x08001538       0x20 ./system/src/cortexm/exception_handlers.o
                0x08001538                isSemihosting
 .text.SystemInit
                0x08001558       0x50 ./system/src/cmsis/system_stm32f7xx.o
                0x08001558                SystemInit
 .text.SystemCoreClockUpdate
                0x080015a8       0xa0 ./system/src/cmsis/system_stm32f7xx.o
                0x080015a8                SystemCoreClockUpdate
 .text.SystemClock_Config
                0x08001648       0xa0 ./src/_initialize_hardware.o
                0x08001648                SystemClock_Config
 .text.__initialize_hardware
                0x080016e8       0x84 ./src/_initialize_hardware.o
                0x080016e8                __initialize_hardware
 .text.vAssertCalled
                0x0800176c       0x20 ./src/main.o
                0x0800176c                vAssertCalled
 .text.prvSystemClockConfig
                0x0800178c       0x60 ./src/main.o
 .text.prvSetupHardware
                0x080017ec       0x74 ./src/main.o
 .text.main     0x08001860       0x10 ./src/main.o
                0x08001860                main
 .text.vApplicationMallocFailedHook
                0x08001870       0x10 ./src/main.o
                0x08001870                vApplicationMallocFailedHook
 .text.vApplicationStackOverflowHook
                0x08001880       0x10 ./src/main.o
                0x08001880                vApplicationStackOverflowHook
 .text.vApplicationTickHook
                0x08001890        0x4 ./src/main.o
                0x08001890                vApplicationTickHook
 .text.prvQueueSendTask
                0x08001894       0x2c ./src/main_blinky.o
 .text.prvQueueReceiveTask
                0x080018c0       0x30 ./src/main_blinky.o
 .text.main_blinky
                0x080018f0       0x54 ./src/main_blinky.o
                0x080018f0                main_blinky
 .text.HAL_MspInit
                0x08001944        0x4 ./src/stm32f7xx_hal_msp.o
                0x08001944                HAL_MspInit
 .text.prvHeapInit
                0x08001948       0x64 ./freertos/portable/MemMang/heap_4.o
 .text.prvInsertBlockIntoFreeList
                0x080019ac       0x58 ./freertos/portable/MemMang/heap_4.o
 .text.pvPortMalloc
                0x08001a04       0xf8 ./freertos/portable/MemMang/heap_4.o
                0x08001a04                pvPortMalloc
 .text.vPortFree
                0x08001afc       0x74 ./freertos/portable/MemMang/heap_4.o
                0x08001afc                vPortFree
 .text.prvPortStartFirstTask
                0x08001b70       0x28 ./freertos/portable/GCC/ARM_CM7/r0p1/port.o
 .text.vPortEnableVFP
                0x08001b98       0x14 ./freertos/portable/GCC/ARM_CM7/r0p1/port.o
 .text.prvTaskExitError
                0x08001bac       0x44 ./freertos/portable/GCC/ARM_CM7/r0p1/port.o
 .text.pxPortInitialiseStack
                0x08001bf0       0x2c ./freertos/portable/GCC/ARM_CM7/r0p1/port.o
                0x08001bf0                pxPortInitialiseStack
 *fill*         0x08001c1c        0x4 
 .text.SVC_Handler
                0x08001c20       0x24 ./freertos/portable/GCC/ARM_CM7/r0p1/port.o
                0x08001c20                SVC_Handler
 .text.vPortEnterCritical
                0x08001c44       0x44 ./freertos/portable/GCC/ARM_CM7/r0p1/port.o
                0x08001c44                vPortEnterCritical
 .text.vPortExitCritical
                0x08001c88       0x2c ./freertos/portable/GCC/ARM_CM7/r0p1/port.o
                0x08001c88                vPortExitCritical
 *fill*         0x08001cb4        0xc 
 .text.PendSV_Handler
                0x08001cc0       0x64 ./freertos/portable/GCC/ARM_CM7/r0p1/port.o
                0x08001cc0                PendSV_Handler
 .text.SysTick_Handler
                0x08001d24       0x30 ./freertos/portable/GCC/ARM_CM7/r0p1/port.o
                0x08001d24                SysTick_Handler
 .text.vPortSetupTimerInterrupt
                0x08001d54       0x38 ./freertos/portable/GCC/ARM_CM7/r0p1/port.o
                0x08001d54                vPortSetupTimerInterrupt
 .text.xPortStartScheduler
                0x08001d8c       0xdc ./freertos/portable/GCC/ARM_CM7/r0p1/port.o
                0x08001d8c                xPortStartScheduler
 .text.vPortValidateInterruptPriority
                0x08001e68       0x54 ./freertos/portable/GCC/ARM_CM7/r0p1/port.o
                0x08001e68                vPortValidateInterruptPriority
 .text.vListInitialise
                0x08001ebc       0x18 ./freertos/list.o
                0x08001ebc                vListInitialise
 .text.vListInitialiseItem
                0x08001ed4        0x8 ./freertos/list.o
                0x08001ed4                vListInitialiseItem
 .text.vListInsertEnd
                0x08001edc       0x18 ./freertos/list.o
                0x08001edc                vListInsertEnd
 .text.vListInsert
                0x08001ef4       0x34 ./freertos/list.o
                0x08001ef4                vListInsert
 .text.uxListRemove
                0x08001f28       0x28 ./freertos/list.o
                0x08001f28                uxListRemove
 .text.prvIsQueueFull
                0x08001f50       0x20 ./freertos/queue.o
 .text.prvIsQueueEmpty
                0x08001f70       0x1c ./freertos/queue.o
 .text.prvCopyDataToQueue
                0x08001f8c       0x78 ./freertos/queue.o
 .text.prvNotifyQueueSetContainer
                0x08002004       0x74 ./freertos/queue.o
 .text.prvCopyDataFromQueue
                0x08002078       0x24 ./freertos/queue.o
 .text.prvUnlockQueue
                0x0800209c       0x7c ./freertos/queue.o
 .text.xQueueGenericReset
                0x08002118       0x7c ./freertos/queue.o
                0x08002118                xQueueGenericReset
 .text.prvInitialiseNewQueue
                0x08002194       0x28 ./freertos/queue.o
 .text.xQueueGenericCreate
                0x080021bc       0x44 ./freertos/queue.o
                0x080021bc                xQueueGenericCreate
 .text.xQueueGenericSend
                0x08002200      0x194 ./freertos/queue.o
                0x08002200                xQueueGenericSend
 .text.xQueueGenericSendFromISR
                0x08002394       0xf8 ./freertos/queue.o
                0x08002394                xQueueGenericSendFromISR
 .text.xQueueReceive
                0x0800248c      0x144 ./freertos/queue.o
                0x0800248c                xQueueReceive
 .text.vQueueAddToRegistry
                0x080025d0       0x28 ./freertos/queue.o
                0x080025d0                vQueueAddToRegistry
 .text.vQueueWaitForMessageRestricted
                0x080025f8       0x4c ./freertos/queue.o
                0x080025f8                vQueueWaitForMessageRestricted
 .text.prvResetNextTaskUnblockTime
                0x08002644       0x34 ./freertos/tasks.o
 .text.prvDeleteTCB
                0x08002678       0x14 ./freertos/tasks.o
 .text.prvInitialiseNewTask
                0x0800268c       0x90 ./freertos/tasks.o
 .text.prvInitialiseTaskLists
                0x0800271c       0x68 ./freertos/tasks.o
 .text.prvAddNewTaskToReadyList
                0x08002784       0xac ./freertos/tasks.o
 .text.prvCheckTasksWaitingTermination
                0x08002830       0x44 ./freertos/tasks.o
 .text.prvIdleTask
                0x08002874       0x28 ./freertos/tasks.o
 .text.prvAddCurrentTaskToDelayedList
                0x0800289c       0xa0 ./freertos/tasks.o
 .text.xTaskCreate
                0x0800293c       0x64 ./freertos/tasks.o
                0x0800293c                xTaskCreate
 .text.vTaskStartScheduler
                0x080029a0       0x84 ./freertos/tasks.o
                0x080029a0                vTaskStartScheduler
 .text.vTaskSuspendAll
                0x08002a24       0x10 ./freertos/tasks.o
                0x08002a24                vTaskSuspendAll
 .text.xTaskGetTickCount
                0x08002a34        0xc ./freertos/tasks.o
                0x08002a34                xTaskGetTickCount
 .text.xTaskIncrementTick
                0x08002a40      0x12c ./freertos/tasks.o
                0x08002a40                xTaskIncrementTick
 .text.xTaskResumeAll
                0x08002b6c       0xf4 ./freertos/tasks.o
                0x08002b6c                xTaskResumeAll
 .text.vTaskDelayUntil
                0x08002c60       0x98 ./freertos/tasks.o
                0x08002c60                vTaskDelayUntil
 .text.vTaskSwitchContext
                0x08002cf8       0xc0 ./freertos/tasks.o
                0x08002cf8                vTaskSwitchContext
 .text.vTaskPlaceOnEventList
                0x08002db8       0x30 ./freertos/tasks.o
                0x08002db8                vTaskPlaceOnEventList
 .text.vTaskPlaceOnEventListRestricted
                0x08002de8       0x38 ./freertos/tasks.o
                0x08002de8                vTaskPlaceOnEventListRestricted
 .text.xTaskRemoveFromEventList
                0x08002e20       0x88 ./freertos/tasks.o
                0x08002e20                xTaskRemoveFromEventList
 .text.vTaskInternalSetTimeOutState
                0x08002ea8       0x18 ./freertos/tasks.o
                0x08002ea8                vTaskInternalSetTimeOutState
 .text.xTaskCheckForTimeOut
                0x08002ec0       0x74 ./freertos/tasks.o
                0x08002ec0                xTaskCheckForTimeOut
 .text.vTaskMissedYield
                0x08002f34        0xc ./freertos/tasks.o
                0x08002f34                vTaskMissedYield
 .text.xTaskGetSchedulerState
                0x08002f40       0x20 ./freertos/tasks.o
                0x08002f40                xTaskGetSchedulerState
 .text.xTaskPriorityDisinherit
                0x08002f60       0xa8 ./freertos/tasks.o
                0x08002f60                xTaskPriorityDisinherit
 .text.prvGetNextExpireTime
                0x08003008       0x20 ./freertos/timers.o
 .text.prvInsertTimerInActiveList
                0x08003028       0x50 ./freertos/timers.o
 .text.prvCheckForValidListAndQueue
                0x08003078       0x58 ./freertos/timers.o
 .text.xTimerCreateTimerTask
                0x080030d0       0x50 ./freertos/timers.o
                0x080030d0                xTimerCreateTimerTask
 .text.xTimerGenericCommand
                0x08003120       0x6c ./freertos/timers.o
                0x08003120                xTimerGenericCommand
 .text.prvSwitchTimerLists
                0x0800318c       0x78 ./freertos/timers.o
 .text.prvSampleTimeNow
                0x08003204       0x2c ./freertos/timers.o
 .text.prvProcessExpiredTimer
                0x08003230       0x58 ./freertos/timers.o
 .text.prvProcessTimerOrBlockTask
                0x08003288       0x74 ./freertos/timers.o
 .text.prvProcessReceivedCommands
                0x080032fc       0xc4 ./freertos/timers.o
 .text.prvTimerTask
                0x080033c0       0x18 ./freertos/timers.o
 .text.__errno  0x080033d8       0x10 /usr/local/bin/arm-none-eabi-gcc/gcc-arm-none-eabi-5_4-2016q3/bin/../lib/gcc/arm-none-eabi/5.4.1/../../../../arm-none-eabi/lib/libg_nano.a(lib_a-errno.o)
                0x080033d8                __errno
 .text.memcpy   0x080033e8       0x1c /usr/local/bin/arm-none-eabi-gcc/gcc-arm-none-eabi-5_4-2016q3/bin/../lib/gcc/arm-none-eabi/5.4.1/../../../../arm-none-eabi/lib/libg_nano.a(lib_a-memcpy-stub.o)
                0x080033e8                memcpy
 .text.memset   0x08003404       0x18 /usr/local/bin/arm-none-eabi-gcc/gcc-arm-none-eabi-5_4-2016q3/bin/../lib/gcc/arm-none-eabi/5.4.1/../../../../arm-none-eabi/lib/libg_nano.a(lib_a-memset.o)
                0x08003404                memset
 .text          0x0800341c        0xe /usr/local/bin/arm-none-eabi-gcc/gcc-arm-none-eabi-5_4-2016q3/bin/../lib/gcc/arm-none-eabi/5.4.1/../../../../arm-none-eabi/lib/libg_nano.a(lib_a-strlen.o)
                0x0800341c                strlen
 *fill*         0x0800342a        0x2 
 .text._vsnprintf_r
                0x0800342c       0x88 /usr/local/bin/arm-none-eabi-gcc/gcc-arm-none-eabi-5_4-2016q3/bin/../lib/gcc/arm-none-eabi/5.4.1/../../../../arm-none-eabi/lib/libg_nano.a(lib_a-vsnprintf.o)
                0x0800342c                _vsnprintf_r
                0x0800342c                _vsniprintf_r
 .text.vsnprintf
                0x080034b4       0x30 /usr/local/bin/arm-none-eabi-gcc/gcc-arm-none-eabi-5_4-2016q3/bin/../lib/gcc/arm-none-eabi/5.4.1/../../../../arm-none-eabi/lib/libg_nano.a(lib_a-vsnprintf.o)
                0x080034b4                vsnprintf
                0x080034b4                vsniprintf
 .text.__ssputs_r
                0x080034e4      0x120 /usr/local/bin/arm-none-eabi-gcc/gcc-arm-none-eabi-5_4-2016q3/bin/../lib/gcc/arm-none-eabi/5.4.1/../../../../arm-none-eabi/lib/libg_nano.a(lib_a-nano-svfprintf.o)
                0x080034e4                __ssputs_r
 .text._svfprintf_r
                0x08003604      0x32c /usr/local/bin/arm-none-eabi-gcc/gcc-arm-none-eabi-5_4-2016q3/bin/../lib/gcc/arm-none-eabi/5.4.1/../../../../arm-none-eabi/lib/libg_nano.a(lib_a-nano-svfprintf.o)
                0x08003604                _svfprintf_r
                0x08003604                _svfiprintf_r
 .text._printf_common
                0x08003930      0x178 /usr/local/bin/arm-none-eabi-gcc/gcc-arm-none-eabi-5_4-2016q3/bin/../lib/gcc/arm-none-eabi/5.4.1/../../../../arm-none-eabi/lib/libg_nano.a(lib_a-nano-vfprintf_i.o)
                0x08003930                _printf_common
 .text._printf_i
                0x08003aa8      0x3cc /usr/local/bin/arm-none-eabi-gcc/gcc-arm-none-eabi-5_4-2016q3/bin/../lib/gcc/arm-none-eabi/5.4.1/../../../../arm-none-eabi/lib/libg_nano.a(lib_a-nano-vfprintf_i.o)
                0x08003aa8                _printf_i
 .text.memchr   0x08003e74       0x34 /usr/local/bin/arm-none-eabi-gcc/gcc-arm-none-eabi-5_4-2016q3/bin/../lib/gcc/arm-none-eabi/5.4.1/../../../../arm-none-eabi/lib/libg_nano.a(lib_a-memchr-stub.o)
                0x08003e74                memchr
 .text.memmove  0x08003ea8       0x4c /usr/local/bin/arm-none-eabi-gcc/gcc-arm-none-eabi-5_4-2016q3/bin/../lib/gcc/arm-none-eabi/5.4.1/../../../../arm-none-eabi/lib/libg_nano.a(lib_a-memmove.o)
                0x08003ea8                memmove
 .text._free_r  0x08003ef4      0x110 /usr/local/bin/arm-none-eabi-gcc/gcc-arm-none-eabi-5_4-2016q3/bin/../lib/gcc/arm-none-eabi/5.4.1/../../../../arm-none-eabi/lib/libg_nano.a(lib_a-nano-freer.o)
                0x08003ef4                _free_r
 .text._malloc_r
                0x08004004      0x13c /usr/local/bin/arm-none-eabi-gcc/gcc-arm-none-eabi-5_4-2016q3/bin/../lib/gcc/arm-none-eabi/5.4.1/../../../../arm-none-eabi/lib/libg_nano.a(lib_a-nano-mallocr.o)
                0x08004004                _malloc_r
 .text._realloc_r
                0x08004140       0x7c /usr/local/bin/arm-none-eabi-gcc/gcc-arm-none-eabi-5_4-2016q3/bin/../lib/gcc/arm-none-eabi/5.4.1/../../../../arm-none-eabi/lib/libg_nano.a(lib_a-nano-reallocr.o)
                0x08004140                _realloc_r
 .text._sbrk_r  0x080041bc       0x3c /usr/local/bin/arm-none-eabi-gcc/gcc-arm-none-eabi-5_4-2016q3/bin/../lib/gcc/arm-none-eabi/5.4.1/../../../../arm-none-eabi/lib/libg_nano.a(lib_a-sbrkr.o)
                0x080041bc                _sbrk_r
 .text.__malloc_lock
                0x080041f8        0x4 /usr/local/bin/arm-none-eabi-gcc/gcc-arm-none-eabi-5_4-2016q3/bin/../lib/gcc/arm-none-eabi/5.4.1/../../../../arm-none-eabi/lib/libg_nano.a(lib_a-mlock.o)
                0x080041f8                __malloc_lock
 .text.__malloc_unlock
                0x080041fc        0x4 /usr/local/bin/arm-none-eabi-gcc/gcc-arm-none-eabi-5_4-2016q3/bin/../lib/gcc/arm-none-eabi/5.4.1/../../../../arm-none-eabi/lib/libg_nano.a(lib_a-mlock.o)
                0x080041fc                __malloc_unlock
 .text._malloc_usable_size_r
                0x08004200       0x1c /usr/local/bin/arm-none-eabi-gcc/gcc-arm-none-eabi-5_4-2016q3/bin/../lib/gcc/arm-none-eabi/5.4.1/../../../../arm-none-eabi/lib/libg_nano.a(lib_a-nano-msizer.o)
                0x08004200                _malloc_usable_size_r
 .text          0x0800421c      0x114 /usr/local/bin/arm-none-eabi-gcc/gcc-arm-none-eabi-5_4-2016q3/bin/../lib/gcc/arm-none-eabi/5.4.1/libgcc.a(_udivsi3.o)
                0x0800421c                __udivsi3
                0x0800421c                __aeabi_uidiv
                0x08004310                __aeabi_uidivmod
 .text          0x08004330        0x4 /usr/local/bin/arm-none-eabi-gcc/gcc-arm-none-eabi-5_4-2016q3/bin/../lib/gcc/arm-none-eabi/5.4.1/libgcc.a(_dvmd_tls.o)
                0x08004330                __aeabi_ldiv0
                0x08004330                __aeabi_idiv0
 *(.rodata .rodata.* .constdata .constdata.*)
 .rodata.str1.4
                0x08004334       0x31 ./system/src/stm32f7-hal/stm32f7xx_hal_cortex.o
 *fill*         0x08004365        0x3 
 .rodata.str1.4
                0x08004368       0x2f ./system/src/stm32f7-hal/stm32f7xx_hal_gpio.o
 *fill*         0x08004397        0x1 
 .rodata.str1.4
                0x08004398       0x2e ./system/src/stm32f7-hal/stm32f7xx_hal_rcc.o
 *fill*         0x080043c6        0x2 
 .rodata.str1.4
                0x080043c8       0x31 ./system/src/stm32f7-hal/stm32f7xx_hal_rcc_ex.o
 *fill*         0x080043f9        0x3 
 .rodata.str1.4
                0x080043fc       0x14 ./system/src/newlib/_exit.o
 .rodata.str1.4
                0x08004410       0x6b ./system/src/newlib/assert.o
                                 0x6f (size before relaxing)
 *fill*         0x0800447b        0x1 
 .rodata.str1.4
                0x0800447c       0x29 ./system/src/diag/Trace.o
                                 0x2d (size before relaxing)
 *fill*         0x080044a5        0x3 
 .rodata.str1.4
                0x080044a8      0x146 ./system/src/cortexm/exception_handlers.o
 *fill*         0x080045ee        0x2 
 .rodata.AHBPrescTable
                0x080045f0       0x10 ./system/src/cmsis/system_stm32f7xx.o
                0x080045f0                AHBPrescTable
 .rodata.str1.4
                0x08004600        0xe ./src/main.o
 *fill*         0x0800460e        0x2 
 .rodata.str1.4
                0x08004610        0x7 ./src/main_blinky.o
 *fill*         0x08004617        0x1 
 .rodata.str1.4
                0x08004618       0x26 ./freertos/portable/MemMang/heap_4.o
 *fill*         0x0800463e        0x2 
 .rodata.str1.4
                0x08004640       0x2d ./freertos/portable/GCC/ARM_CM7/r0p1/port.o
 *fill*         0x0800466d        0x3 
 .rodata.str1.4
                0x08004670       0x14 ./freertos/queue.o
 .rodata.str1.4
                0x08004684       0x2b ./freertos/tasks.o
 *fill*         0x080046af        0x1 
 .rodata.str1.4
                0x080046b0       0x28 ./freertos/timers.o
 .rodata.str1.1
                0x080046d8       0x11 /usr/local/bin/arm-none-eabi-gcc/gcc-arm-none-eabi-5_4-2016q3/bin/../lib/gcc/arm-none-eabi/5.4.1/../../../../arm-none-eabi/lib/libg_nano.a(lib_a-nano-svfprintf.o)
 .rodata.str1.1
                0x080046e9       0x22 /usr/local/bin/arm-none-eabi-gcc/gcc-arm-none-eabi-5_4-2016q3/bin/../lib/gcc/arm-none-eabi/5.4.1/../../../../arm-none-eabi/lib/libg_nano.a(lib_a-nano-vfprintf_i.o)
 *(vtable)
 *(.eh_frame*)
 *(.glue_7)
 .glue_7        0x0800470b        0x0 linker stubs
 *(.glue_7t)
 .glue_7t       0x0800470b        0x0 linker stubs

.vfp11_veneer   0x0800470c        0x0
 .vfp11_veneer  0x0800470c        0x0 linker stubs

.v4_bx          0x0800470c        0x0
 .v4_bx         0x0800470c        0x0 linker stubs

.iplt           0x0800470c        0x0
 .iplt          0x0800470c        0x0 ./system/src/stm32f7-hal/stm32f7xx_hal.o

.rel.dyn        0x0800470c        0x0
 .rel.iplt      0x0800470c        0x0 ./system/src/stm32f7-hal/stm32f7xx_hal.o

.ARM.extab
 *(.ARM.extab* .gnu.linkonce.armextab.*)
                0x0800470c                . = ALIGN (0x4)
                0x0800470c                __exidx_start = .

.ARM.exidx
 *(.ARM.exidx* .gnu.linkonce.armexidx.*)
                0x0800470c                __exidx_end = .
                0x0800470c                . = ALIGN (0x4)
                0x0800470c                _etext = .
                0x0800470c                __etext = .

.data_CCMRAM    0x10000000        0x0 load address 0x0800470c
 FILL mask 0xff
 *(.data.CCMRAM .data.CCMRAM.*)
                0x10000000                . = ALIGN (0x4)
                0x0800470c                _sidata = LOADADDR (.data)

.data           0x20000000       0x7c load address 0x0800470c
 FILL mask 0xff
                0x20000000                _sdata = .
                0x20000000                __data_start__ = .
 *(.data_begin .data_begin.*)
 .data_begin    0x20000000        0x4 ./system/src/newlib/_startup.o
 *(.data .data.*)
 .data.argv.4292
                0x20000004        0x8 ./system/src/newlib/_syscalls.o
 .data.SystemCoreClock
                0x2000000c        0x4 ./system/src/cmsis/system_stm32f7xx.o
                0x2000000c                SystemCoreClock
 .data.uxCriticalNesting
                0x20000010        0x4 ./freertos/portable/GCC/ARM_CM7/r0p1/port.o
 .data.impure_data
                0x20000014       0x60 /usr/local/bin/arm-none-eabi-gcc/gcc-arm-none-eabi-5_4-2016q3/bin/../lib/gcc/arm-none-eabi/5.4.1/../../../../arm-none-eabi/lib/libg_nano.a(lib_a-impure.o)
 .data._impure_ptr
                0x20000074        0x4 /usr/local/bin/arm-none-eabi-gcc/gcc-arm-none-eabi-5_4-2016q3/bin/../lib/gcc/arm-none-eabi/5.4.1/../../../../arm-none-eabi/lib/libg_nano.a(lib_a-impure.o)
                0x20000074                _impure_ptr
 *(.data_end .data_end.*)
 .data_end      0x20000078        0x4 ./system/src/newlib/_startup.o
                0x2000007c                . = ALIGN (0x4)
                0x2000007c                _edata = .
                0x2000007c                __data_end__ = .

.igot.plt       0x2000007c        0x0 load address 0x08004788
 .igot.plt      0x2000007c        0x0 ./system/src/stm32f7-hal/stm32f7xx_hal.o

.bss_CCMRAM     0x10000000        0x0
 *(.bss.CCMRAM .bss.CCMRAM.*)

.bss            0x2000007c     0xba44
                0x2000007c                __bss_start__ = .
                0x2000007c                _sbss = .
 *(.bss_begin .bss_begin.*)
 .bss_begin     0x2000007c        0x4 ./system/src/newlib/_startup.o
 *(.bss .bss.*)
 .bss.current_heap_end.3976
                0x20000080        0x4 ./system/src/newlib/_sbrk.o
 .bss.name.4291
                0x20000084        0x1 ./system/src/newlib/_syscalls.o
 *fill*         0x20000085        0x3 
 .bss.buf.5181  0x20000088       0x80 ./system/src/diag/Trace.o
 .bss.xQueue    0x20000108        0x4 ./src/main_blinky.o
 .bss.xFreeBytesRemaining
                0x2000010c        0x4 ./freertos/portable/MemMang/heap_4.o
 .bss.pxEnd     0x20000110        0x4 ./freertos/portable/MemMang/heap_4.o
 .bss.xStart    0x20000114        0x8 ./freertos/portable/MemMang/heap_4.o
 .bss.ucHeap    0x2000011c     0xb800 ./freertos/portable/MemMang/heap_4.o
 .bss.xBlockAllocatedBit
                0x2000b91c        0x4 ./freertos/portable/MemMang/heap_4.o
 .bss.xMinimumEverFreeBytesRemaining
                0x2000b920        0x4 ./freertos/portable/MemMang/heap_4.o
 .bss.ucMaxSysCallPriority
                0x2000b924        0x1 ./freertos/portable/GCC/ARM_CM7/r0p1/port.o
 *fill*         0x2000b925        0x3 
 .bss.ulMaxPRIGROUPValue
                0x2000b928        0x4 ./freertos/portable/GCC/ARM_CM7/r0p1/port.o
 .bss.xNumOfOverflows
                0x2000b92c        0x4 ./freertos/tasks.o
 .bss.pxDelayedTaskList
                0x2000b930        0x4 ./freertos/tasks.o
 .bss.xSchedulerRunning
                0x2000b934        0x4 ./freertos/tasks.o
 .bss.xTasksWaitingTermination
                0x2000b938       0x14 ./freertos/tasks.o
 .bss.uxPendedTicks
                0x2000b94c        0x4 ./freertos/tasks.o
 .bss.pxReadyTasksLists
                0x2000b950       0x64 ./freertos/tasks.o
 .bss.uxSchedulerSuspended
                0x2000b9b4        0x4 ./freertos/tasks.o
 .bss.uxDeletedTasksWaitingCleanUp
                0x2000b9b8        0x4 ./freertos/tasks.o
 .bss.uxCurrentNumberOfTasks
                0x2000b9bc        0x4 ./freertos/tasks.o
 .bss.xNextTaskUnblockTime
                0x2000b9c0        0x4 ./freertos/tasks.o
 .bss.xIdleTaskHandle
                0x2000b9c4        0x4 ./freertos/tasks.o
 .bss.xTickCount
                0x2000b9c8        0x4 ./freertos/tasks.o
 .bss.pxOverflowDelayedTaskList
                0x2000b9cc        0x4 ./freertos/tasks.o
 .bss.xPendingReadyList
                0x2000b9d0       0x14 ./freertos/tasks.o
 .bss.uxTaskNumber
                0x2000b9e4        0x4 ./freertos/tasks.o
 .bss.xDelayedTaskList1
                0x2000b9e8       0x14 ./freertos/tasks.o
 .bss.xDelayedTaskList2
                0x2000b9fc       0x14 ./freertos/tasks.o
 .bss.pxCurrentTCB
                0x2000ba10        0x4 ./freertos/tasks.o
                0x2000ba10                pxCurrentTCB
 .bss.xSuspendedTaskList
                0x2000ba14       0x14 ./freertos/tasks.o
 .bss.uxTopReadyPriority
                0x2000ba28        0x4 ./freertos/tasks.o
 .bss.xYieldPending
                0x2000ba2c        0x4 ./freertos/tasks.o
 .bss.pxCurrentTimerList
                0x2000ba30        0x4 ./freertos/timers.o
 .bss.xActiveTimerList1
                0x2000ba34       0x14 ./freertos/timers.o
 .bss.xActiveTimerList2
                0x2000ba48       0x14 ./freertos/timers.o
 .bss.xLastTime.12973
                0x2000ba5c        0x4 ./freertos/timers.o
 .bss.xTimerQueue
                0x2000ba60        0x4 ./freertos/timers.o
 .bss.pxOverflowTimerList
                0x2000ba64        0x4 ./freertos/timers.o
 .bss.xTimerTaskHandle
                0x2000ba68        0x4 ./freertos/timers.o
 .bss.__malloc_sbrk_start
                0x2000ba6c        0x4 /usr/local/bin/arm-none-eabi-gcc/gcc-arm-none-eabi-5_4-2016q3/bin/../lib/gcc/arm-none-eabi/5.4.1/../../../../arm-none-eabi/lib/libg_nano.a(lib_a-nano-mallocr.o)
                0x2000ba6c                __malloc_sbrk_start
 .bss.__malloc_free_list
                0x2000ba70        0x4 /usr/local/bin/arm-none-eabi-gcc/gcc-arm-none-eabi-5_4-2016q3/bin/../lib/gcc/arm-none-eabi/5.4.1/../../../../arm-none-eabi/lib/libg_nano.a(lib_a-nano-mallocr.o)
                0x2000ba70                __malloc_free_list
 *(COMMON)
 COMMON         0x2000ba74        0x4 ./system/src/stm32f7-hal/stm32f7xx_hal.o
                0x2000ba74                uwTick
 COMMON         0x2000ba78        0x4 ./system/src/newlib/_syscalls.o
                0x2000ba78                errno
 COMMON         0x2000ba7c       0x40 ./freertos/queue.o
                0x2000ba7c                xQueueRegistry
 *(.bss_end .bss_end.*)
 .bss_end       0x2000babc        0x4 ./system/src/newlib/_startup.o
                0x2000bac0                . = ALIGN (0x4)
                0x2000bac0                __bss_end__ = .
                0x2000bac0                _ebss = .

.noinit_CCMRAM
 *(.noinit.CCMRAM .noinit.CCMRAM.*)

.noinit         0x2000bac0        0x0
                0x2000bac0                _noinit = .
 *(.noinit .noinit.*)
                0x2000bac0                . = ALIGN (0x4)
                0x2000bac0                _end_noinit = .
                [!provide]                PROVIDE (end, _end_noinit)
                [!provide]                PROVIDE (_end, _end_noinit)
                [!provide]                PROVIDE (__end, _end_noinit)
                [!provide]                PROVIDE (__end__, _end_noinit)

._check_stack   0x2000bac0      0x100
                0x2000bbc0                . = (. + _Minimum_Stack_Size)
 *fill*         0x2000bac0      0x100 

.b1text
 *(.b1text)
 *(.b1rodata)
 *(.b1rodata.*)

.eb0text
 *(.eb0text)
 *(.eb0rodata)
 *(.eb0rodata.*)

.eb1text
 *(.eb1text)
 *(.eb1rodata)
 *(.eb1rodata.*)

.eb2text
 *(.eb2text)
 *(.eb2rodata)
 *(.eb2rodata.*)

.eb3text
 *(.eb3text)
 *(.eb3rodata)
 *(.eb3rodata.*)

.stab
 *(.stab)

.stabstr
 *(.stabstr)

.stab.excl
 *(.stab.excl)

.stab.exclstr
 *(.stab.exclstr)

.stab.index
 *(.stab.index)

.stab.indexstr
 *(.stab.indexstr)

.comment        0x00000000       0x6e
 *(.comment)
 .comment       0x00000000       0x6e ./system/src/stm32f7-hal/stm32f7xx_hal.o
                                 0x6f (size before relaxing)
 .comment       0x0000006e       0x6f ./system/src/stm32f7-hal/stm32f7xx_hal_cortex.o
 .comment       0x0000006e       0x6f ./system/src/stm32f7-hal/stm32f7xx_hal_gpio.o
 .comment       0x0000006e       0x6f ./system/src/stm32f7-hal/stm32f7xx_hal_pwr_ex.o
 .comment       0x0000006e       0x6f ./system/src/stm32f7-hal/stm32f7xx_hal_rcc.o
 .comment       0x0000006e       0x6f ./system/src/stm32f7-hal/stm32f7xx_hal_rcc_ex.o
 .comment       0x0000006e       0x6f ./system/src/newlib/_exit.o
 .comment       0x0000006e       0x6f ./system/src/newlib/_sbrk.o
 .comment       0x0000006e       0x6f ./system/src/newlib/_startup.o
 .comment       0x0000006e       0x6f ./system/src/newlib/_syscalls.o
 .comment       0x0000006e       0x6f ./system/src/newlib/assert.o
 .comment       0x0000006e       0x6f ./system/src/diag/Trace.o
 .comment       0x0000006e       0x6f ./system/src/diag/trace_impl.o
 .comment       0x0000006e       0x6f ./system/src/cortexm/_initialize_hardware.o
 .comment       0x0000006e       0x6f ./system/src/cortexm/exception_handlers.o
 .comment       0x0000006e       0x6f ./system/src/cmsis/system_stm32f7xx.o
 .comment       0x0000006e       0x6f ./system/src/cmsis/vectors_stm32f767xx.o
 .comment       0x0000006e       0x6f ./src/_initialize_hardware.o
 .comment       0x0000006e       0x6f ./src/main.o
 .comment       0x0000006e       0x6f ./src/main_blinky.o
 .comment       0x0000006e       0x6f ./src/stm32f7xx_hal_msp.o
 .comment       0x0000006e       0x6f ./freertos/portable/MemMang/heap_4.o
 .comment       0x0000006e       0x6f ./freertos/portable/GCC/ARM_CM7/r0p1/port.o
 .comment       0x0000006e       0x6f ./freertos/list.o
 .comment       0x0000006e       0x6f ./freertos/queue.o
 .comment       0x0000006e       0x6f ./freertos/tasks.o
 .comment       0x0000006e       0x6f ./freertos/timers.o

.ARM.attributes
                0x00000000       0x35
 .ARM.attributes
                0x00000000       0x35 ./system/src/stm32f7-hal/stm32f7xx_hal.o
 .ARM.attributes
                0x00000035       0x35 ./system/src/stm32f7-hal/stm32f7xx_hal_cortex.o
 .ARM.attributes
                0x0000006a       0x35 ./system/src/stm32f7-hal/stm32f7xx_hal_gpio.o
 .ARM.attributes
                0x0000009f       0x35 ./system/src/stm32f7-hal/stm32f7xx_hal_pwr_ex.o
 .ARM.attributes
                0x000000d4       0x35 ./system/src/stm32f7-hal/stm32f7xx_hal_rcc.o
 .ARM.attributes
                0x00000109       0x35 ./system/src/stm32f7-hal/stm32f7xx_hal_rcc_ex.o
 .ARM.attributes
                0x0000013e       0x35 ./system/src/newlib/_exit.o
 .ARM.attributes
                0x00000173       0x35 ./system/src/newlib/_sbrk.o
 .ARM.attributes
                0x000001a8       0x35 ./system/src/newlib/_startup.o
 .ARM.attributes
                0x000001dd       0x35 ./system/src/newlib/_syscalls.o
 .ARM.attributes
                0x00000212       0x35 ./system/src/newlib/assert.o
 .ARM.attributes
                0x00000247       0x35 ./system/src/diag/Trace.o
 .ARM.attributes
                0x0000027c       0x35 ./system/src/diag/trace_impl.o
 .ARM.attributes
                0x000002b1       0x35 ./system/src/cortexm/_initialize_hardware.o
 .ARM.attributes
                0x000002e6       0x35 ./system/src/cortexm/exception_handlers.o
 .ARM.attributes
                0x0000031b       0x35 ./system/src/cmsis/system_stm32f7xx.o
 .ARM.attributes
                0x00000350       0x35 ./system/src/cmsis/vectors_stm32f767xx.o
 .ARM.attributes
                0x00000385       0x35 ./src/_initialize_hardware.o
 .ARM.attributes
                0x000003ba       0x35 ./src/main.o
 .ARM.attributes
                0x000003ef       0x35 ./src/main_blinky.o
 .ARM.attributes
                0x00000424       0x35 ./src/stm32f7xx_hal_msp.o
 .ARM.attributes
                0x00000459       0x35 ./freertos/portable/MemMang/heap_4.o
 .ARM.attributes
                0x0000048e       0x35 ./freertos/portable/GCC/ARM_CM7/r0p1/port.o
 .ARM.attributes
                0x000004c3       0x35 ./freertos/list.o
 .ARM.attributes
                0x000004f8       0x35 ./freertos/queue.o
 .ARM.attributes
                0x0000052d       0x35 ./freertos/tasks.o
 .ARM.attributes
                0x00000562       0x35 ./freertos/timers.o
 .ARM.attributes
                0x00000597       0x30 /usr/local/bin/arm-none-eabi-gcc/gcc-arm-none-eabi-5_4-2016q3/bin/../lib/gcc/arm-none-eabi/5.4.1/../../../../arm-none-eabi/lib/libg_nano.a(lib_a-errno.o)
 .ARM.attributes
                0x000005c7       0x30 /usr/local/bin/arm-none-eabi-gcc/gcc-arm-none-eabi-5_4-2016q3/bin/../lib/gcc/arm-none-eabi/5.4.1/../../../../arm-none-eabi/lib/libg_nano.a(lib_a-impure.o)
 .ARM.attributes
                0x000005f7       0x30 /usr/local/bin/arm-none-eabi-gcc/gcc-arm-none-eabi-5_4-2016q3/bin/../lib/gcc/arm-none-eabi/5.4.1/../../../../arm-none-eabi/lib/libg_nano.a(lib_a-memcpy-stub.o)
 .ARM.attributes
                0x00000627       0x30 /usr/local/bin/arm-none-eabi-gcc/gcc-arm-none-eabi-5_4-2016q3/bin/../lib/gcc/arm-none-eabi/5.4.1/../../../../arm-none-eabi/lib/libg_nano.a(lib_a-memset.o)
 .ARM.attributes
                0x00000657       0x1c /usr/local/bin/arm-none-eabi-gcc/gcc-arm-none-eabi-5_4-2016q3/bin/../lib/gcc/arm-none-eabi/5.4.1/../../../../arm-none-eabi/lib/libg_nano.a(lib_a-strlen.o)
 .ARM.attributes
                0x00000673       0x30 /usr/local/bin/arm-none-eabi-gcc/gcc-arm-none-eabi-5_4-2016q3/bin/../lib/gcc/arm-none-eabi/5.4.1/../../../../arm-none-eabi/lib/libg_nano.a(lib_a-vsnprintf.o)
 .ARM.attributes
                0x000006a3       0x30 /usr/local/bin/arm-none-eabi-gcc/gcc-arm-none-eabi-5_4-2016q3/bin/../lib/gcc/arm-none-eabi/5.4.1/../../../../arm-none-eabi/lib/libg_nano.a(lib_a-nano-svfprintf.o)
 .ARM.attributes
                0x000006d3       0x30 /usr/local/bin/arm-none-eabi-gcc/gcc-arm-none-eabi-5_4-2016q3/bin/../lib/gcc/arm-none-eabi/5.4.1/../../../../arm-none-eabi/lib/libg_nano.a(lib_a-nano-vfprintf_i.o)
 .ARM.attributes
                0x00000703       0x30 /usr/local/bin/arm-none-eabi-gcc/gcc-arm-none-eabi-5_4-2016q3/bin/../lib/gcc/arm-none-eabi/5.4.1/../../../../arm-none-eabi/lib/libg_nano.a(lib_a-memchr-stub.o)
 .ARM.attributes
                0x00000733       0x30 /usr/local/bin/arm-none-eabi-gcc/gcc-arm-none-eabi-5_4-2016q3/bin/../lib/gcc/arm-none-eabi/5.4.1/../../../../arm-none-eabi/lib/libg_nano.a(lib_a-memmove.o)
 .ARM.attributes
                0x00000763       0x30 /usr/local/bin/arm-none-eabi-gcc/gcc-arm-none-eabi-5_4-2016q3/bin/../lib/gcc/arm-none-eabi/5.4.1/../../../../arm-none-eabi/lib/libg_nano.a(lib_a-nano-freer.o)
 .ARM.attributes
                0x00000793       0x30 /usr/local/bin/arm-none-eabi-gcc/gcc-arm-none-eabi-5_4-2016q3/bin/../lib/gcc/arm-none-eabi/5.4.1/../../../../arm-none-eabi/lib/libg_nano.a(lib_a-nano-mallocr.o)
 .ARM.attributes
                0x000007c3       0x30 /usr/local/bin/arm-none-eabi-gcc/gcc-arm-none-eabi-5_4-2016q3/bin/../lib/gcc/arm-none-eabi/5.4.1/../../../../arm-none-eabi/lib/libg_nano.a(lib_a-nano-reallocr.o)
 .ARM.attributes
                0x000007f3       0x30 /usr/local/bin/arm-none-eabi-gcc/gcc-arm-none-eabi-5_4-2016q3/bin/../lib/gcc/arm-none-eabi/5.4.1/../../../../arm-none-eabi/lib/libg_nano.a(lib_a-sbrkr.o)
 .ARM.attributes
                0x00000823       0x30 /usr/local/bin/arm-none-eabi-gcc/gcc-arm-none-eabi-5_4-2016q3/bin/../lib/gcc/arm-none-eabi/5.4.1/../../../../arm-none-eabi/lib/libg_nano.a(lib_a-mlock.o)
 .ARM.attributes
                0x00000853       0x30 /usr/local/bin/arm-none-eabi-gcc/gcc-arm-none-eabi-5_4-2016q3/bin/../lib/gcc/arm-none-eabi/5.4.1/../../../../arm-none-eabi/lib/libg_nano.a(lib_a-nano-msizer.o)
 .ARM.attributes
                0x00000883       0x18 /usr/local/bin/arm-none-eabi-gcc/gcc-arm-none-eabi-5_4-2016q3/bin/../lib/gcc/arm-none-eabi/5.4.1/libgcc.a(_udivsi3.o)
 .ARM.attributes
                0x0000089b       0x18 /usr/local/bin/arm-none-eabi-gcc/gcc-arm-none-eabi-5_4-2016q3/bin/../lib/gcc/arm-none-eabi/5.4.1/libgcc.a(_dvmd_tls.o)

.debug
 *(.debug)

.line
 *(.line)

.debug_srcinfo
 *(.debug_srcinfo)

.debug_sfnames
 *(.debug_sfnames)

.debug_aranges  0x00000000      0xb80
 *(.debug_aranges)
 .debug_aranges
                0x00000000       0xe0 ./system/src/stm32f7-hal/stm32f7xx_hal.o
 .debug_aranges
                0x000000e0       0x98 ./system/src/stm32f7-hal/stm32f7xx_hal_cortex.o
 .debug_aranges
                0x00000178       0x58 ./system/src/stm32f7-hal/stm32f7xx_hal_gpio.o
 .debug_aranges
                0x000001d0       0x80 ./system/src/stm32f7-hal/stm32f7xx_hal_pwr_ex.o
 .debug_aranges
                0x00000250       0x88 ./system/src/stm32f7-hal/stm32f7xx_hal_rcc.o
 .debug_aranges
                0x000002d8       0x38 ./system/src/stm32f7-hal/stm32f7xx_hal_rcc_ex.o
 .debug_aranges
                0x00000310       0x28 ./system/src/newlib/_exit.o
 .debug_aranges
                0x00000338       0x20 ./system/src/newlib/_sbrk.o
 .debug_aranges
                0x00000358       0x40 ./system/src/newlib/_startup.o
 .debug_aranges
                0x00000398       0x30 ./system/src/newlib/_syscalls.o
 .debug_aranges
                0x000003c8       0x28 ./system/src/newlib/assert.o
 .debug_aranges
                0x000003f0       0x38 ./system/src/diag/Trace.o
 .debug_aranges
                0x00000428       0x30 ./system/src/diag/trace_impl.o
 .debug_aranges
                0x00000458       0x28 ./system/src/cortexm/_initialize_hardware.o
 .debug_aranges
                0x00000480       0x90 ./system/src/cortexm/exception_handlers.o
 .debug_aranges
                0x00000510       0x28 ./system/src/cmsis/system_stm32f7xx.o
 .debug_aranges
                0x00000538       0x20 ./system/src/cmsis/vectors_stm32f767xx.o
 .debug_aranges
                0x00000558       0x28 ./src/_initialize_hardware.o
 .debug_aranges
                0x00000580       0x58 ./src/main.o
 .debug_aranges
                0x000005d8       0x30 ./src/main_blinky.o
 .debug_aranges
                0x00000608       0x38 ./src/stm32f7xx_hal_msp.o
 .debug_aranges
                0x00000640       0x50 ./freertos/portable/MemMang/heap_4.o
 .debug_aranges
                0x00000690       0x80 ./freertos/portable/GCC/ARM_CM7/r0p1/port.o
 .debug_aranges
                0x00000710       0x40 ./freertos/list.o
 .debug_aranges
                0x00000750      0x160 ./freertos/queue.o
 .debug_aranges
                0x000008b0      0x1f8 ./freertos/tasks.o
 .debug_aranges
                0x00000aa8       0xd8 ./freertos/timers.o

.debug_pubnames
 *(.debug_pubnames)

.debug_info     0x00000000    0x10117
 *(.debug_info .gnu.linkonce.wi.*)
 .debug_info    0x00000000      0x9c2 ./system/src/stm32f7-hal/stm32f7xx_hal.o
 .debug_info    0x000009c2     0x1358 ./system/src/stm32f7-hal/stm32f7xx_hal_cortex.o
 .debug_info    0x00001d1a      0x89e ./system/src/stm32f7-hal/stm32f7xx_hal_gpio.o
 .debug_info    0x000025b8      0xa2a ./system/src/stm32f7-hal/stm32f7xx_hal_pwr_ex.o
 .debug_info    0x00002fe2      0xf88 ./system/src/stm32f7-hal/stm32f7xx_hal_rcc.o
 .debug_info    0x00003f6a     0x1922 ./system/src/stm32f7-hal/stm32f7xx_hal_rcc_ex.o
 .debug_info    0x0000588c       0xef ./system/src/newlib/_exit.o
 .debug_info    0x0000597b      0x11f ./system/src/newlib/_sbrk.o
 .debug_info    0x00005a9a      0x4f2 ./system/src/newlib/_startup.o
 .debug_info    0x00005f8c      0x1c7 ./system/src/newlib/_syscalls.o
 .debug_info    0x00006153      0x1a3 ./system/src/newlib/assert.o
 .debug_info    0x000062f6      0x2e7 ./system/src/diag/Trace.o
 .debug_info    0x000065dd      0x30b ./system/src/diag/trace_impl.o
 .debug_info    0x000068e8      0x481 ./system/src/cortexm/_initialize_hardware.o
 .debug_info    0x00006d69      0xab6 ./system/src/cortexm/exception_handlers.o
 .debug_info    0x0000781f      0x6c8 ./system/src/cmsis/system_stm32f7xx.o
 .debug_info    0x00007ee7       0xd4 ./system/src/cmsis/vectors_stm32f767xx.o
 .debug_info    0x00007fbb      0x9cb ./src/_initialize_hardware.o
 .debug_info    0x00008986      0x85a ./src/main.o
 .debug_info    0x000091e0      0x3a6 ./src/main_blinky.o
 .debug_info    0x00009586       0xe5 ./src/stm32f7xx_hal_msp.o
 .debug_info    0x0000966b      0x446 ./freertos/portable/MemMang/heap_4.o
 .debug_info    0x00009ab1      0x527 ./freertos/portable/GCC/ARM_CM7/r0p1/port.o
 .debug_info    0x00009fd8      0x2bf ./freertos/list.o
 .debug_info    0x0000a297     0x21d9 ./freertos/queue.o
 .debug_info    0x0000c470     0x2a47 ./freertos/tasks.o
 .debug_info    0x0000eeb7     0x1260 ./freertos/timers.o

.debug_abbrev   0x00000000     0x2dbe
 *(.debug_abbrev)
 .debug_abbrev  0x00000000      0x1d3 ./system/src/stm32f7-hal/stm32f7xx_hal.o
 .debug_abbrev  0x000001d3      0x324 ./system/src/stm32f7-hal/stm32f7xx_hal_cortex.o
 .debug_abbrev  0x000004f7      0x204 ./system/src/stm32f7-hal/stm32f7xx_hal_gpio.o
 .debug_abbrev  0x000006fb      0x20d ./system/src/stm32f7-hal/stm32f7xx_hal_pwr_ex.o
 .debug_abbrev  0x00000908      0x287 ./system/src/stm32f7-hal/stm32f7xx_hal_rcc.o
 .debug_abbrev  0x00000b8f      0x263 ./system/src/stm32f7-hal/stm32f7xx_hal_rcc_ex.o
 .debug_abbrev  0x00000df2       0x8e ./system/src/newlib/_exit.o
 .debug_abbrev  0x00000e80       0xb9 ./system/src/newlib/_sbrk.o
 .debug_abbrev  0x00000f39      0x1b6 ./system/src/newlib/_startup.o
 .debug_abbrev  0x000010ef       0xec ./system/src/newlib/_syscalls.o
 .debug_abbrev  0x000011db       0xab ./system/src/newlib/assert.o
 .debug_abbrev  0x00001286      0x156 ./system/src/diag/Trace.o
 .debug_abbrev  0x000013dc      0x1c8 ./system/src/diag/trace_impl.o
 .debug_abbrev  0x000015a4       0xf9 ./system/src/cortexm/_initialize_hardware.o
 .debug_abbrev  0x0000169d      0x256 ./system/src/cortexm/exception_handlers.o
 .debug_abbrev  0x000018f3      0x120 ./system/src/cmsis/system_stm32f7xx.o
 .debug_abbrev  0x00001a13       0x9d ./system/src/cmsis/vectors_stm32f767xx.o
 .debug_abbrev  0x00001ab0      0x1ce ./src/_initialize_hardware.o
 .debug_abbrev  0x00001c7e      0x203 ./src/main.o
 .debug_abbrev  0x00001e81      0x15e ./src/main_blinky.o
 .debug_abbrev  0x00001fdf       0x6a ./src/stm32f7xx_hal_msp.o
 .debug_abbrev  0x00002049      0x1fe ./freertos/portable/MemMang/heap_4.o
 .debug_abbrev  0x00002247      0x27b ./freertos/portable/GCC/ARM_CM7/r0p1/port.o
 .debug_abbrev  0x000024c2       0xf9 ./freertos/list.o
 .debug_abbrev  0x000025bb      0x2b5 ./freertos/queue.o
 .debug_abbrev  0x00002870      0x30d ./freertos/tasks.o
 .debug_abbrev  0x00002b7d      0x241 ./freertos/timers.o

.debug_line     0x00000000    0x11f3f
 *(.debug_line)
 .debug_line    0x00000000      0xc2f ./system/src/stm32f7-hal/stm32f7xx_hal.o
 .debug_line    0x00000c2f      0xcd9 ./system/src/stm32f7-hal/stm32f7xx_hal_cortex.o
 .debug_line    0x00001908      0xcc8 ./system/src/stm32f7-hal/stm32f7xx_hal_gpio.o
 .debug_line    0x000025d0      0xbed ./system/src/stm32f7-hal/stm32f7xx_hal_pwr_ex.o
 .debug_line    0x000031bd      0xeb0 ./system/src/stm32f7-hal/stm32f7xx_hal_rcc.o
 .debug_line    0x0000406d     0x1261 ./system/src/stm32f7-hal/stm32f7xx_hal_rcc_ex.o
 .debug_line    0x000052ce      0x351 ./system/src/newlib/_exit.o
 .debug_line    0x0000561f      0x302 ./system/src/newlib/_sbrk.o
 .debug_line    0x00005921      0x3ca ./system/src/newlib/_startup.o
 .debug_line    0x00005ceb      0x422 ./system/src/newlib/_syscalls.o
 .debug_line    0x0000610d      0x38c ./system/src/newlib/assert.o
 .debug_line    0x00006499      0x3bf ./system/src/diag/Trace.o
 .debug_line    0x00006858      0xb29 ./system/src/diag/trace_impl.o
 .debug_line    0x00007381      0xa94 ./system/src/cortexm/_initialize_hardware.o
 .debug_line    0x00007e15      0xbc7 ./system/src/cortexm/exception_handlers.o
 .debug_line    0x000089dc      0xa91 ./system/src/cmsis/system_stm32f7xx.o
 .debug_line    0x0000946d      0x10a ./system/src/cmsis/vectors_stm32f767xx.o
 .debug_line    0x00009577      0xaee ./src/_initialize_hardware.o
 .debug_line    0x0000a065      0xc0b ./src/main.o
 .debug_line    0x0000ac70      0xb93 ./src/main_blinky.o
 .debug_line    0x0000b803      0xa9e ./src/stm32f7xx_hal_msp.o
 .debug_line    0x0000c2a1      0xc7c ./freertos/portable/MemMang/heap_4.o
 .debug_line    0x0000cf1d      0xcd3 ./freertos/portable/GCC/ARM_CM7/r0p1/port.o
 .debug_line    0x0000dbf0      0xbc9 ./freertos/list.o
 .debug_line    0x0000e7b9     0x130a ./freertos/queue.o
 .debug_line    0x0000fac3     0x1635 ./freertos/tasks.o
 .debug_line    0x000110f8      0xe47 ./freertos/timers.o

.debug_frame    0x00000000     0x207c
 *(.debug_frame)
 .debug_frame   0x00000000      0x1c8 ./system/src/stm32f7-hal/stm32f7xx_hal.o
 .debug_frame   0x000001c8      0x17c ./system/src/stm32f7-hal/stm32f7xx_hal_cortex.o
 .debug_frame   0x00000344       0xf8 ./system/src/stm32f7-hal/stm32f7xx_hal_gpio.o
 .debug_frame   0x0000043c      0x134 ./system/src/stm32f7-hal/stm32f7xx_hal_pwr_ex.o
 .debug_frame   0x00000570      0x150 ./system/src/stm32f7-hal/stm32f7xx_hal_rcc.o
 .debug_frame   0x000006c0       0xa0 ./system/src/stm32f7-hal/stm32f7xx_hal_rcc_ex.o
 .debug_frame   0x00000760       0x38 ./system/src/newlib/_exit.o
 .debug_frame   0x00000798       0x28 ./system/src/newlib/_sbrk.o
 .debug_frame   0x000007c0       0x7c ./system/src/newlib/_startup.o
 .debug_frame   0x0000083c       0x50 ./system/src/newlib/_syscalls.o
 .debug_frame   0x0000088c       0x40 ./system/src/newlib/assert.o
 .debug_frame   0x000008cc       0x94 ./system/src/diag/Trace.o
 .debug_frame   0x00000960       0x60 ./system/src/diag/trace_impl.o
 .debug_frame   0x000009c0       0x40 ./system/src/cortexm/_initialize_hardware.o
 .debug_frame   0x00000a00      0x158 ./system/src/cortexm/exception_handlers.o
 .debug_frame   0x00000b58       0x3c ./system/src/cmsis/system_stm32f7xx.o
 .debug_frame   0x00000b94       0x20 ./system/src/cmsis/vectors_stm32f767xx.o
 .debug_frame   0x00000bb4       0x48 ./src/_initialize_hardware.o
 .debug_frame   0x00000bfc       0xe4 ./src/main.o
 .debug_frame   0x00000ce0       0x58 ./src/main_blinky.o
 .debug_frame   0x00000d38       0x50 ./src/stm32f7xx_hal_msp.o
 .debug_frame   0x00000d88       0xb0 ./freertos/portable/MemMang/heap_4.o
 .debug_frame   0x00000e38      0x124 ./freertos/portable/GCC/ARM_CM7/r0p1/port.o
 .debug_frame   0x00000f5c       0x6c ./freertos/list.o
 .debug_frame   0x00000fc8      0x454 ./freertos/queue.o
 .debug_frame   0x0000141c      0x648 ./freertos/tasks.o
 .debug_frame   0x00001a64      0x2b0 ./freertos/timers.o
 .debug_frame   0x00001d14       0x20 /usr/local/bin/arm-none-eabi-gcc/gcc-arm-none-eabi-5_4-2016q3/bin/../lib/gcc/arm-none-eabi/5.4.1/../../../../arm-none-eabi/lib/libg_nano.a(lib_a-errno.o)
 .debug_frame   0x00001d34       0x20 /usr/local/bin/arm-none-eabi-gcc/gcc-arm-none-eabi-5_4-2016q3/bin/../lib/gcc/arm-none-eabi/5.4.1/../../../../arm-none-eabi/lib/libg_nano.a(lib_a-memcpy-stub.o)
 .debug_frame   0x00001d54       0x20 /usr/local/bin/arm-none-eabi-gcc/gcc-arm-none-eabi-5_4-2016q3/bin/../lib/gcc/arm-none-eabi/5.4.1/../../../../arm-none-eabi/lib/libg_nano.a(lib_a-memset.o)
 .debug_frame   0x00001d74       0x54 /usr/local/bin/arm-none-eabi-gcc/gcc-arm-none-eabi-5_4-2016q3/bin/../lib/gcc/arm-none-eabi/5.4.1/../../../../arm-none-eabi/lib/libg_nano.a(lib_a-vsnprintf.o)
 .debug_frame   0x00001dc8       0xb4 /usr/local/bin/arm-none-eabi-gcc/gcc-arm-none-eabi-5_4-2016q3/bin/../lib/gcc/arm-none-eabi/5.4.1/../../../../arm-none-eabi/lib/libg_nano.a(lib_a-nano-svfprintf.o)
 .debug_frame   0x00001e7c       0x7c /usr/local/bin/arm-none-eabi-gcc/gcc-arm-none-eabi-5_4-2016q3/bin/../lib/gcc/arm-none-eabi/5.4.1/../../../../arm-none-eabi/lib/libg_nano.a(lib_a-nano-vfprintf_i.o)
 .debug_frame   0x00001ef8       0x20 /usr/local/bin/arm-none-eabi-gcc/gcc-arm-none-eabi-5_4-2016q3/bin/../lib/gcc/arm-none-eabi/5.4.1/../../../../arm-none-eabi/lib/libg_nano.a(lib_a-memchr-stub.o)
 .debug_frame   0x00001f18       0x20 /usr/local/bin/arm-none-eabi-gcc/gcc-arm-none-eabi-5_4-2016q3/bin/../lib/gcc/arm-none-eabi/5.4.1/../../../../arm-none-eabi/lib/libg_nano.a(lib_a-memmove.o)
 .debug_frame   0x00001f38       0x34 /usr/local/bin/arm-none-eabi-gcc/gcc-arm-none-eabi-5_4-2016q3/bin/../lib/gcc/arm-none-eabi/5.4.1/../../../../arm-none-eabi/lib/libg_nano.a(lib_a-nano-freer.o)
 .debug_frame   0x00001f6c       0x34 /usr/local/bin/arm-none-eabi-gcc/gcc-arm-none-eabi-5_4-2016q3/bin/../lib/gcc/arm-none-eabi/5.4.1/../../../../arm-none-eabi/lib/libg_nano.a(lib_a-nano-mallocr.o)
 .debug_frame   0x00001fa0       0x38 /usr/local/bin/arm-none-eabi-gcc/gcc-arm-none-eabi-5_4-2016q3/bin/../lib/gcc/arm-none-eabi/5.4.1/../../../../arm-none-eabi/lib/libg_nano.a(lib_a-nano-reallocr.o)
 .debug_frame   0x00001fd8       0x34 /usr/local/bin/arm-none-eabi-gcc/gcc-arm-none-eabi-5_4-2016q3/bin/../lib/gcc/arm-none-eabi/5.4.1/../../../../arm-none-eabi/lib/libg_nano.a(lib_a-sbrkr.o)
 .debug_frame   0x0000200c       0x30 /usr/local/bin/arm-none-eabi-gcc/gcc-arm-none-eabi-5_4-2016q3/bin/../lib/gcc/arm-none-eabi/5.4.1/../../../../arm-none-eabi/lib/libg_nano.a(lib_a-mlock.o)
 .debug_frame   0x0000203c       0x20 /usr/local/bin/arm-none-eabi-gcc/gcc-arm-none-eabi-5_4-2016q3/bin/../lib/gcc/arm-none-eabi/5.4.1/../../../../arm-none-eabi/lib/libg_nano.a(lib_a-nano-msizer.o)
 .debug_frame   0x0000205c       0x20 /usr/local/bin/arm-none-eabi-gcc/gcc-arm-none-eabi-5_4-2016q3/bin/../lib/gcc/arm-none-eabi/5.4.1/libgcc.a(_udivsi3.o)

.debug_str      0x00000000    0xd1e29
 *(.debug_str)
 .debug_str     0x00000000    0xc5e9f ./system/src/stm32f7-hal/stm32f7xx_hal.o
                              0xc6286 (size before relaxing)
 .debug_str     0x000c5e9f      0x447 ./system/src/stm32f7-hal/stm32f7xx_hal_cortex.o
                              0xc62bb (size before relaxing)
 .debug_str     0x000c62e6      0x2ba ./system/src/stm32f7-hal/stm32f7xx_hal_gpio.o
                              0xc5acf (size before relaxing)
 .debug_str     0x000c65a0      0x1e9 ./system/src/stm32f7-hal/stm32f7xx_hal_pwr_ex.o
                              0xc5b96 (size before relaxing)
 .debug_str     0x000c6789      0x375 ./system/src/stm32f7-hal/stm32f7xx_hal_rcc.o
                              0xc5c48 (size before relaxing)
 .debug_str     0x000c6afe      0x383 ./system/src/stm32f7-hal/stm32f7xx_hal_rcc_ex.o
                              0xc5c88 (size before relaxing)
 .debug_str     0x000c6e81     0x10b6 ./system/src/newlib/_exit.o
                               0x6eba (size before relaxing)
 .debug_str     0x000c7f37      0x35e ./system/src/newlib/_sbrk.o
                               0x62a5 (size before relaxing)
 .debug_str     0x000c8295      0x2cc ./system/src/newlib/_startup.o
                               0x5ec0 (size before relaxing)
 .debug_str     0x000c8561      0xe18 ./system/src/newlib/_syscalls.o
                               0x7105 (size before relaxing)
 .debug_str     0x000c9379       0xd5 ./system/src/newlib/assert.o
                               0x79bf (size before relaxing)
 .debug_str     0x000c944e      0x169 ./system/src/diag/Trace.o
                               0x76aa (size before relaxing)
 .debug_str     0x000c95b7      0x37b ./system/src/diag/trace_impl.o
                              0xc57db (size before relaxing)
 .debug_str     0x000c9932       0x5e ./system/src/cortexm/_initialize_hardware.o
                              0xc46ad (size before relaxing)
 .debug_str     0x000c9990      0x172 ./system/src/cortexm/exception_handlers.o
                              0xc5a56 (size before relaxing)
 .debug_str     0x000c9b02       0x46 ./system/src/cmsis/system_stm32f7xx.o
                              0xc478f (size before relaxing)
 .debug_str     0x000c9b48       0x59 ./system/src/cmsis/vectors_stm32f767xx.o
                               0x3077 (size before relaxing)
 .debug_str     0x000c9ba1       0x6a ./src/_initialize_hardware.o
                              0xc5ae8 (size before relaxing)
 .debug_str     0x000c9c0b     0x49ef ./src/main.o
                              0xca3ce (size before relaxing)
 .debug_str     0x000ce5fa      0x1fd ./src/main_blinky.o
                              0xca192 (size before relaxing)
 .debug_str     0x000ce7f7       0x3d ./src/stm32f7xx_hal_msp.o
                              0xc56a0 (size before relaxing)
 .debug_str     0x000ce834      0x299 ./freertos/portable/MemMang/heap_4.o
                              0xc949b (size before relaxing)
 .debug_str     0x000ceacd      0x7bb ./freertos/portable/GCC/ARM_CM7/r0p1/port.o
                              0xc9946 (size before relaxing)
 .debug_str     0x000cf288      0x11e ./freertos/list.o
                              0xc8d57 (size before relaxing)
 .debug_str     0x000cf3a6      0x9d5 ./freertos/queue.o
                              0xca577 (size before relaxing)
 .debug_str     0x000cfd7b     0x1bab ./freertos/tasks.o
                              0xcb34e (size before relaxing)
 .debug_str     0x000d1926      0x503 ./freertos/timers.o
                              0xca8bd (size before relaxing)

.debug_loc      0x00000000     0x6aab
 *(.debug_loc)
 .debug_loc     0x00000000       0x6a ./system/src/stm32f7-hal/stm32f7xx_hal.o
 .debug_loc     0x0000006a      0x580 ./system/src/stm32f7-hal/stm32f7xx_hal_cortex.o
 .debug_loc     0x000005ea      0x4bc ./system/src/stm32f7-hal/stm32f7xx_hal_gpio.o
 .debug_loc     0x00000aa6      0x257 ./system/src/stm32f7-hal/stm32f7xx_hal_pwr_ex.o
 .debug_loc     0x00000cfd      0x564 ./system/src/stm32f7-hal/stm32f7xx_hal_rcc.o
 .debug_loc     0x00001261      0xba2 ./system/src/stm32f7-hal/stm32f7xx_hal_rcc_ex.o
 .debug_loc     0x00001e03       0x82 ./system/src/newlib/_sbrk.o
 .debug_loc     0x00001e85      0x36e ./system/src/newlib/_startup.o
 .debug_loc     0x000021f3       0x63 ./system/src/newlib/_syscalls.o
 .debug_loc     0x00002256      0x110 ./system/src/newlib/assert.o
 .debug_loc     0x00002366      0x102 ./system/src/diag/Trace.o
 .debug_loc     0x00002468      0x17c ./system/src/diag/trace_impl.o
 .debug_loc     0x000025e4      0x2a8 ./system/src/cortexm/exception_handlers.o
 .debug_loc     0x0000288c      0x132 ./system/src/cmsis/system_stm32f7xx.o
 .debug_loc     0x000029be       0xa2 ./src/_initialize_hardware.o
 .debug_loc     0x00002a60       0x84 ./src/main.o
 .debug_loc     0x00002ae4       0x42 ./src/main_blinky.o
 .debug_loc     0x00002b26      0x285 ./freertos/portable/MemMang/heap_4.o
 .debug_loc     0x00002dab       0xdc ./freertos/portable/GCC/ARM_CM7/r0p1/port.o
 .debug_loc     0x00002e87       0x65 ./freertos/list.o
 .debug_loc     0x00002eec     0x166e ./freertos/queue.o
 .debug_loc     0x0000455a     0x19a1 ./freertos/tasks.o
 .debug_loc     0x00005efb      0xbb0 ./freertos/timers.o

.debug_macinfo
 *(.debug_macinfo)

.debug_weaknames
 *(.debug_weaknames)

.debug_funcnames
 *(.debug_funcnames)

.debug_typenames
 *(.debug_typenames)

.debug_varnames
 *(.debug_varnames)
OUTPUT(ss.elf elf32-littlearm)

.debug_ranges   0x00000000      0xa98
 .debug_ranges  0x00000000       0xd0 ./system/src/stm32f7-hal/stm32f7xx_hal.o
 .debug_ranges  0x000000d0       0x88 ./system/src/stm32f7-hal/stm32f7xx_hal_cortex.o
 .debug_ranges  0x00000158       0x48 ./system/src/stm32f7-hal/stm32f7xx_hal_gpio.o
 .debug_ranges  0x000001a0       0x70 ./system/src/stm32f7-hal/stm32f7xx_hal_pwr_ex.o
 .debug_ranges  0x00000210       0x78 ./system/src/stm32f7-hal/stm32f7xx_hal_rcc.o
 .debug_ranges  0x00000288       0x28 ./system/src/stm32f7-hal/stm32f7xx_hal_rcc_ex.o
 .debug_ranges  0x000002b0       0x18 ./system/src/newlib/_exit.o
 .debug_ranges  0x000002c8       0x10 ./system/src/newlib/_sbrk.o
 .debug_ranges  0x000002d8       0x30 ./system/src/newlib/_startup.o
 .debug_ranges  0x00000308       0x20 ./system/src/newlib/_syscalls.o
 .debug_ranges  0x00000328       0x18 ./system/src/newlib/assert.o
 .debug_ranges  0x00000340       0x28 ./system/src/diag/Trace.o
 .debug_ranges  0x00000368       0x38 ./system/src/diag/trace_impl.o
 .debug_ranges  0x000003a0       0x18 ./system/src/cortexm/_initialize_hardware.o
 .debug_ranges  0x000003b8       0x98 ./system/src/cortexm/exception_handlers.o
 .debug_ranges  0x00000450       0x18 ./system/src/cmsis/system_stm32f7xx.o
 .debug_ranges  0x00000468       0x10 ./system/src/cmsis/vectors_stm32f767xx.o
 .debug_ranges  0x00000478       0x18 ./src/_initialize_hardware.o
 .debug_ranges  0x00000490       0x48 ./src/main.o
 .debug_ranges  0x000004d8       0x20 ./src/main_blinky.o
 .debug_ranges  0x000004f8       0x28 ./src/stm32f7xx_hal_msp.o
 .debug_ranges  0x00000520       0x40 ./freertos/portable/MemMang/heap_4.o
 .debug_ranges  0x00000560       0x70 ./freertos/portable/GCC/ARM_CM7/r0p1/port.o
 .debug_ranges  0x000005d0       0x30 ./freertos/list.o
 .debug_ranges  0x00000600      0x1b0 ./freertos/queue.o
 .debug_ranges  0x000007b0      0x220 ./freertos/tasks.o
 .debug_ranges  0x000009d0       0xc8 ./freertos/timers.o

.debug_macro    0x00000000    0x24db7
 .debug_macro   0x00000000      0x527 ./system/src/stm32f7-hal/stm32f7xx_hal.o
 .debug_macro   0x00000527      0x898 ./system/src/stm32f7-hal/stm32f7xx_hal.o
 .debug_macro   0x00000dbf      0x283 ./system/src/stm32f7-hal/stm32f7xx_hal.o
 .debug_macro   0x00001042       0x2e ./system/src/stm32f7-hal/stm32f7xx_hal.o
 .debug_macro   0x00001070       0x3b ./system/src/stm32f7-hal/stm32f7xx_hal.o
 .debug_macro   0x000010ab      0x34e ./system/src/stm32f7-hal/stm32f7xx_hal.o
 .debug_macro   0x000013f9       0x35 ./system/src/stm32f7-hal/stm32f7xx_hal.o
 .debug_macro   0x0000142e       0x50 ./system/src/stm32f7-hal/stm32f7xx_hal.o
 .debug_macro   0x0000147e     0x1114 ./system/src/stm32f7-hal/stm32f7xx_hal.o
 .debug_macro   0x00002592     0xb31e ./system/src/stm32f7-hal/stm32f7xx_hal.o
 .debug_macro   0x0000d8b0       0x43 ./system/src/stm32f7-hal/stm32f7xx_hal.o
 .debug_macro   0x0000d8f3     0x3520 ./system/src/stm32f7-hal/stm32f7xx_hal.o
 .debug_macro   0x00010e13       0x22 ./system/src/stm32f7-hal/stm32f7xx_hal.o
 .debug_macro   0x00010e35       0x4c ./system/src/stm32f7-hal/stm32f7xx_hal.o
 .debug_macro   0x00010e81       0x8d ./system/src/stm32f7-hal/stm32f7xx_hal.o
 .debug_macro   0x00010f0e       0x35 ./system/src/stm32f7-hal/stm32f7xx_hal.o
 .debug_macro   0x00010f43       0x9c ./system/src/stm32f7-hal/stm32f7xx_hal.o
 .debug_macro   0x00010fdf       0x16 ./system/src/stm32f7-hal/stm32f7xx_hal.o
 .debug_macro   0x00010ff5       0x4a ./system/src/stm32f7-hal/stm32f7xx_hal.o
 .debug_macro   0x0001103f       0x97 ./system/src/stm32f7-hal/stm32f7xx_hal.o
 .debug_macro   0x000110d6      0x30d ./system/src/stm32f7-hal/stm32f7xx_hal.o
 .debug_macro   0x000113e3       0xfd ./system/src/stm32f7-hal/stm32f7xx_hal.o
 .debug_macro   0x000114e0       0x10 ./system/src/stm32f7-hal/stm32f7xx_hal.o
 .debug_macro   0x000114f0       0x52 ./system/src/stm32f7-hal/stm32f7xx_hal.o
 .debug_macro   0x00011542       0x1f ./system/src/stm32f7-hal/stm32f7xx_hal.o
 .debug_macro   0x00011561       0x43 ./system/src/stm32f7-hal/stm32f7xx_hal.o
 .debug_macro   0x000115a4       0x20 ./system/src/stm32f7-hal/stm32f7xx_hal.o
 .debug_macro   0x000115c4      0x187 ./system/src/stm32f7-hal/stm32f7xx_hal.o
 .debug_macro   0x0001174b       0x10 ./system/src/stm32f7-hal/stm32f7xx_hal.o
 .debug_macro   0x0001175b       0x5e ./system/src/stm32f7-hal/stm32f7xx_hal.o
 .debug_macro   0x000117b9       0x1c ./system/src/stm32f7-hal/stm32f7xx_hal.o
 .debug_macro   0x000117d5       0x52 ./system/src/stm32f7-hal/stm32f7xx_hal.o
 .debug_macro   0x00011827       0x40 ./system/src/stm32f7-hal/stm32f7xx_hal.o
 .debug_macro   0x00011867       0x10 ./system/src/stm32f7-hal/stm32f7xx_hal.o
 .debug_macro   0x00011877       0x40 ./system/src/stm32f7-hal/stm32f7xx_hal.o
 .debug_macro   0x000118b7       0xd7 ./system/src/stm32f7-hal/stm32f7xx_hal.o
 .debug_macro   0x0001198e       0x16 ./system/src/stm32f7-hal/stm32f7xx_hal.o
 .debug_macro   0x000119a4      0x18b ./system/src/stm32f7-hal/stm32f7xx_hal.o
 .debug_macro   0x00011b2f       0x57 ./system/src/stm32f7-hal/stm32f7xx_hal.o
 .debug_macro   0x00011b86     0x1add ./system/src/stm32f7-hal/stm32f7xx_hal.o
 .debug_macro   0x00013663      0x6a2 ./system/src/stm32f7-hal/stm32f7xx_hal.o
 .debug_macro   0x00013d05      0x11e ./system/src/stm32f7-hal/stm32f7xx_hal.o
 .debug_macro   0x00013e23      0x270 ./system/src/stm32f7-hal/stm32f7xx_hal.o
 .debug_macro   0x00014093       0x27 ./system/src/stm32f7-hal/stm32f7xx_hal.o
 .debug_macro   0x000140ba      0x24f ./system/src/stm32f7-hal/stm32f7xx_hal.o
 .debug_macro   0x00014309       0x71 ./system/src/stm32f7-hal/stm32f7xx_hal.o
 .debug_macro   0x0001437a       0x58 ./system/src/stm32f7-hal/stm32f7xx_hal.o
 .debug_macro   0x000143d2      0x23a ./system/src/stm32f7-hal/stm32f7xx_hal.o
 .debug_macro   0x0001460c      0x38a ./system/src/stm32f7-hal/stm32f7xx_hal.o
 .debug_macro   0x00014996      0x161 ./system/src/stm32f7-hal/stm32f7xx_hal.o
 .debug_macro   0x00014af7       0xf9 ./system/src/stm32f7-hal/stm32f7xx_hal.o
 .debug_macro   0x00014bf0      0x36e ./system/src/stm32f7-hal/stm32f7xx_hal.o
 .debug_macro   0x00014f5e      0x2e2 ./system/src/stm32f7-hal/stm32f7xx_hal.o
 .debug_macro   0x00015240       0xab ./system/src/stm32f7-hal/stm32f7xx_hal.o
 .debug_macro   0x000152eb       0x4c ./system/src/stm32f7-hal/stm32f7xx_hal.o
 .debug_macro   0x00015337       0x2e ./system/src/stm32f7-hal/stm32f7xx_hal.o
 .debug_macro   0x00015365      0x22b ./system/src/stm32f7-hal/stm32f7xx_hal.o
 .debug_macro   0x00015590       0xe6 ./system/src/stm32f7-hal/stm32f7xx_hal.o
 .debug_macro   0x00015676       0xa1 ./system/src/stm32f7-hal/stm32f7xx_hal.o
 .debug_macro   0x00015717       0x3c ./system/src/stm32f7-hal/stm32f7xx_hal.o
 .debug_macro   0x00015753      0x22c ./system/src/stm32f7-hal/stm32f7xx_hal.o
 .debug_macro   0x0001597f      0xcd5 ./system/src/stm32f7-hal/stm32f7xx_hal.o
 .debug_macro   0x00016654      0x149 ./system/src/stm32f7-hal/stm32f7xx_hal.o
 .debug_macro   0x0001679d      0x3de ./system/src/stm32f7-hal/stm32f7xx_hal.o
 .debug_macro   0x00016b7b       0x12 ./system/src/stm32f7-hal/stm32f7xx_hal.o
 .debug_macro   0x00016b8d      0x516 ./system/src/stm32f7-hal/stm32f7xx_hal.o
 .debug_macro   0x000170a3       0x88 ./system/src/stm32f7-hal/stm32f7xx_hal.o
 .debug_macro   0x0001712b       0xce ./system/src/stm32f7-hal/stm32f7xx_hal.o
 .debug_macro   0x000171f9       0x10 ./system/src/stm32f7-hal/stm32f7xx_hal.o
 .debug_macro   0x00017209      0x209 ./system/src/stm32f7-hal/stm32f7xx_hal.o
 .debug_macro   0x00017412       0x58 ./system/src/stm32f7-hal/stm32f7xx_hal.o
 .debug_macro   0x0001746a       0x90 ./system/src/stm32f7-hal/stm32f7xx_hal.o
 .debug_macro   0x000174fa      0x1b5 ./system/src/stm32f7-hal/stm32f7xx_hal.o
 .debug_macro   0x000176af       0x87 ./system/src/stm32f7-hal/stm32f7xx_hal.o
 .debug_macro   0x00017736      0x28d ./system/src/stm32f7-hal/stm32f7xx_hal.o
 .debug_macro   0x000179c3      0x255 ./system/src/stm32f7-hal/stm32f7xx_hal.o
 .debug_macro   0x00017c18      0x133 ./system/src/stm32f7-hal/stm32f7xx_hal.o
 .debug_macro   0x00017d4b      0x10c ./system/src/stm32f7-hal/stm32f7xx_hal.o
 .debug_macro   0x00017e57       0x35 ./system/src/stm32f7-hal/stm32f7xx_hal.o
 .debug_macro   0x00017e8c      0x2e2 ./system/src/stm32f7-hal/stm32f7xx_hal.o
 .debug_macro   0x0001816e       0x7b ./system/src/stm32f7-hal/stm32f7xx_hal.o
 .debug_macro   0x000181e9      0x313 ./system/src/stm32f7-hal/stm32f7xx_hal.o
 .debug_macro   0x000184fc      0x4dc ./system/src/stm32f7-hal/stm32f7xx_hal.o
 .debug_macro   0x000189d8       0xd6 ./system/src/stm32f7-hal/stm32f7xx_hal.o
 .debug_macro   0x00018aae      0x447 ./system/src/stm32f7-hal/stm32f7xx_hal.o
 .debug_macro   0x00018ef5      0x398 ./system/src/stm32f7-hal/stm32f7xx_hal.o
 .debug_macro   0x0001928d      0x22b ./system/src/stm32f7-hal/stm32f7xx_hal.o
 .debug_macro   0x000194b8      0x1ed ./system/src/stm32f7-hal/stm32f7xx_hal.o
 .debug_macro   0x000196a5      0x2e2 ./system/src/stm32f7-hal/stm32f7xx_hal.o
 .debug_macro   0x00019987      0x677 ./system/src/stm32f7-hal/stm32f7xx_hal.o
 .debug_macro   0x00019ffe      0x28e ./system/src/stm32f7-hal/stm32f7xx_hal.o
 .debug_macro   0x0001a28c      0x138 ./system/src/stm32f7-hal/stm32f7xx_hal.o
 .debug_macro   0x0001a3c4      0x4e8 ./system/src/stm32f7-hal/stm32f7xx_hal.o
 .debug_macro   0x0001a8ac       0x47 ./system/src/stm32f7-hal/stm32f7xx_hal.o
 .debug_macro   0x0001a8f3      0x1df ./system/src/stm32f7-hal/stm32f7xx_hal.o
 .debug_macro   0x0001aad2       0x29 ./system/src/stm32f7-hal/stm32f7xx_hal.o
 .debug_macro   0x0001aafb       0x58 ./system/src/stm32f7-hal/stm32f7xx_hal.o
 .debug_macro   0x0001ab53      0x1c3 ./system/src/stm32f7-hal/stm32f7xx_hal.o
 .debug_macro   0x0001ad16       0x30 ./system/src/stm32f7-hal/stm32f7xx_hal.o
 .debug_macro   0x0001ad46       0x58 ./system/src/stm32f7-hal/stm32f7xx_hal.o
 .debug_macro   0x0001ad9e      0x2cd ./system/src/stm32f7-hal/stm32f7xx_hal.o
 .debug_macro   0x0001b06b       0x10 ./system/src/stm32f7-hal/stm32f7xx_hal.o
 .debug_macro   0x0001b07b       0xa5 ./system/src/stm32f7-hal/stm32f7xx_hal.o
 .debug_macro   0x0001b120       0x89 ./system/src/stm32f7-hal/stm32f7xx_hal.o
 .debug_macro   0x0001b1a9      0x1df ./system/src/stm32f7-hal/stm32f7xx_hal.o
 .debug_macro   0x0001b388      0x119 ./system/src/stm32f7-hal/stm32f7xx_hal.o
 .debug_macro   0x0001b4a1       0x75 ./system/src/stm32f7-hal/stm32f7xx_hal.o
 .debug_macro   0x0001b516      0x2a3 ./system/src/stm32f7-hal/stm32f7xx_hal.o
 .debug_macro   0x0001b7b9      0x137 ./system/src/stm32f7-hal/stm32f7xx_hal.o
 .debug_macro   0x0001b8f0      0x2c5 ./system/src/stm32f7-hal/stm32f7xx_hal.o
 .debug_macro   0x0001bbb5      0x158 ./system/src/stm32f7-hal/stm32f7xx_hal.o
 .debug_macro   0x0001bd0d      0x503 ./system/src/stm32f7-hal/stm32f7xx_hal_cortex.o
 .debug_macro   0x0001c210      0x53b ./system/src/stm32f7-hal/stm32f7xx_hal_gpio.o
 .debug_macro   0x0001c74b      0x51b ./system/src/stm32f7-hal/stm32f7xx_hal_pwr_ex.o
 .debug_macro   0x0001cc66      0x527 ./system/src/stm32f7-hal/stm32f7xx_hal_rcc.o
 .debug_macro   0x0001d18d      0x50f ./system/src/stm32f7-hal/stm32f7xx_hal_rcc_ex.o
 .debug_macro   0x0001d69c      0x19c ./system/src/newlib/_exit.o
 .debug_macro   0x0001d838      0x10e ./system/src/newlib/_exit.o
 .debug_macro   0x0001d946       0x8d ./system/src/newlib/_exit.o
 .debug_macro   0x0001d9d3       0x35 ./system/src/newlib/_exit.o
 .debug_macro   0x0001da08      0x151 ./system/src/newlib/_sbrk.o
 .debug_macro   0x0001db59      0x174 ./system/src/newlib/_sbrk.o
 .debug_macro   0x0001dccd       0x10 ./system/src/newlib/_sbrk.o
 .debug_macro   0x0001dcdd      0x23b ./system/src/newlib/_sbrk.o
 .debug_macro   0x0001df18      0x15b ./system/src/newlib/_startup.o
 .debug_macro   0x0001e073      0x89e ./system/src/newlib/_startup.o
 .debug_macro   0x0001e911      0x1ff ./system/src/newlib/_syscalls.o
 .debug_macro   0x0001eb10       0x1c ./system/src/newlib/_syscalls.o
 .debug_macro   0x0001eb2c       0x10 ./system/src/newlib/_syscalls.o
 .debug_macro   0x0001eb3c       0x10 ./system/src/newlib/_syscalls.o
 .debug_macro   0x0001eb4c       0x10 ./system/src/newlib/_syscalls.o
 .debug_macro   0x0001eb5c       0x35 ./system/src/newlib/_syscalls.o
 .debug_macro   0x0001eb91      0x122 ./system/src/newlib/_syscalls.o
 .debug_macro   0x0001ecb3       0x88 ./system/src/newlib/_syscalls.o
 .debug_macro   0x0001ed3b       0x2b ./system/src/newlib/_syscalls.o
 .debug_macro   0x0001ed66      0x118 ./system/src/newlib/_syscalls.o
 .debug_macro   0x0001ee7e      0x159 ./system/src/newlib/_syscalls.o
 .debug_macro   0x0001efd7       0x16 ./system/src/newlib/_syscalls.o
 .debug_macro   0x0001efed      0x1b8 ./system/src/newlib/assert.o
 .debug_macro   0x0001f1a5       0x1c ./system/src/newlib/assert.o
 .debug_macro   0x0001f1c1      0x1d9 ./system/src/diag/Trace.o
 .debug_macro   0x0001f39a       0x4c ./system/src/diag/Trace.o
 .debug_macro   0x0001f3e6       0x16 ./system/src/diag/Trace.o
 .debug_macro   0x0001f3fc      0x53a ./system/src/diag/trace_impl.o
 .debug_macro   0x0001f936       0x22 ./system/src/diag/trace_impl.o
 .debug_macro   0x0001f958      0x4fe ./system/src/cortexm/_initialize_hardware.o
 .debug_macro   0x0001fe56      0x55d ./system/src/cortexm/exception_handlers.o
 .debug_macro   0x000203b3       0x3b ./system/src/cortexm/exception_handlers.o
 .debug_macro   0x000203ee      0x4fa ./system/src/cmsis/system_stm32f7xx.o
 .debug_macro   0x000208e8       0x34 ./system/src/cmsis/vectors_stm32f767xx.o
 .debug_macro   0x0002091c      0x4fd ./src/_initialize_hardware.o
 .debug_macro   0x00020e19      0x15e ./src/_initialize_hardware.o
 .debug_macro   0x00020f77      0x58b ./src/main.o
 .debug_macro   0x00021502      0x127 ./src/main.o
 .debug_macro   0x00021629      0x15a ./src/main.o
 .debug_macro   0x00021783       0xd7 ./src/main.o
 .debug_macro   0x0002185a       0x10 ./src/main.o
 .debug_macro   0x0002186a       0x1f ./src/main.o
 .debug_macro   0x00021889      0x46a ./src/main.o
 .debug_macro   0x00021cf3       0xb5 ./src/main.o
 .debug_macro   0x00021da8       0x8c ./src/main.o
 .debug_macro   0x00021e34       0x86 ./src/main.o
 .debug_macro   0x00021eba       0x7e ./src/main.o
 .debug_macro   0x00021f38      0x5a3 ./src/main_blinky.o
 .debug_macro   0x000224db      0x503 ./src/stm32f7xx_hal_msp.o
 .debug_macro   0x000229de      0x5b3 ./freertos/portable/MemMang/heap_4.o
 .debug_macro   0x00022f91       0x1c ./freertos/portable/MemMang/heap_4.o
 .debug_macro   0x00022fad      0x621 ./freertos/portable/GCC/ARM_CM7/r0p1/port.o
 .debug_macro   0x000235ce      0x58c ./freertos/list.o
 .debug_macro   0x00023b5a      0x608 ./freertos/queue.o
 .debug_macro   0x00024162      0x676 ./freertos/tasks.o
 .debug_macro   0x000247d8       0x10 ./freertos/tasks.o
 .debug_macro   0x000247e8      0x5cf ./freertos/timers.o
